INFO - 2024-10-08 06:31:26 --> Session: Class initialized using 'CodeIgniter\Session\Handlers\FileHandler' driver.
INFO - 2024-10-08 06:31:56 --> Session: Class initialized using 'CodeIgniter\Session\Handlers\FileHandler' driver.
ERROR - 2024-10-08 06:32:00 --> Error connecting to the database: mysqli_sql_exception: No connection could be made because the target machine actively refused it in D:\Project-(external)\BCPetHouse\system\Database\MySQLi\Connection.php:184
Stack trace:
#0 D:\Project-(external)\BCPetHouse\system\Database\MySQLi\Connection.php(184): mysqli->real_connect('localhost', 'root', Object(SensitiveParameterValue), 'bcpet_db', 3306, '', 0)
#1 D:\Project-(external)\BCPetHouse\system\Database\BaseConnection.php(391): CodeIgniter\Database\MySQLi\Connection->connect(false)
#2 D:\Project-(external)\BCPetHouse\system\Database\BaseConnection.php(574): CodeIgniter\Database\BaseConnection->initialize()
#3 D:\Project-(external)\BCPetHouse\system\Database\BaseBuilder.php(1616): CodeIgniter\Database\BaseConnection->query('SELECT `ambulat...', Array, false)
#4 D:\Project-(external)\BCPetHouse\system\Model.php(237): CodeIgniter\Database\BaseBuilder->get()
#5 D:\Project-(external)\BCPetHouse\system\BaseModel.php(624): CodeIgniter\Model->doFindAll(0, 0)
#6 D:\Project-(external)\BCPetHouse\app\Models\AmbulatoirsModel.php(48): CodeIgniter\BaseModel->findAll()
#7 D:\Project-(external)\BCPetHouse\app\Controllers\Ambulatoir.php(30): App\Models\AmbulatoirsModel->getAmbulatoirAndPetList()
#8 D:\Project-(external)\BCPetHouse\system\CodeIgniter.php(915): App\Controllers\Ambulatoir->index()
#9 D:\Project-(external)\BCPetHouse\system\CodeIgniter.php(492): CodeIgniter\CodeIgniter->runController(Object(App\Controllers\Ambulatoir))
#10 D:\Project-(external)\BCPetHouse\system\CodeIgniter.php(353): CodeIgniter\CodeIgniter->handleRequest(NULL, Object(Config\Cache), false)
#11 D:\Project-(external)\BCPetHouse\public\index.php(79): CodeIgniter\CodeIgniter->run()
#12 D:\Project-(external)\BCPetHouse\system\Commands\Server\rewrite.php(47): require_once('D:\\Project-(ext...')
#13 {main}

Next CodeIgniter\Database\Exceptions\DatabaseException: No connection could be made because the target machine actively refused it in D:\Project-(external)\BCPetHouse\system\Database\MySQLi\Connection.php:229
Stack trace:
#0 D:\Project-(external)\BCPetHouse\system\Database\BaseConnection.php(391): CodeIgniter\Database\MySQLi\Connection->connect(false)
#1 D:\Project-(external)\BCPetHouse\system\Database\BaseConnection.php(574): CodeIgniter\Database\BaseConnection->initialize()
#2 D:\Project-(external)\BCPetHouse\system\Database\BaseBuilder.php(1616): CodeIgniter\Database\BaseConnection->query('SELECT `ambulat...', Array, false)
#3 D:\Project-(external)\BCPetHouse\system\Model.php(237): CodeIgniter\Database\BaseBuilder->get()
#4 D:\Project-(external)\BCPetHouse\system\BaseModel.php(624): CodeIgniter\Model->doFindAll(0, 0)
#5 D:\Project-(external)\BCPetHouse\app\Models\AmbulatoirsModel.php(48): CodeIgniter\BaseModel->findAll()
#6 D:\Project-(external)\BCPetHouse\app\Controllers\Ambulatoir.php(30): App\Models\AmbulatoirsModel->getAmbulatoirAndPetList()
#7 D:\Project-(external)\BCPetHouse\system\CodeIgniter.php(915): App\Controllers\Ambulatoir->index()
#8 D:\Project-(external)\BCPetHouse\system\CodeIgniter.php(492): CodeIgniter\CodeIgniter->runController(Object(App\Controllers\Ambulatoir))
#9 D:\Project-(external)\BCPetHouse\system\CodeIgniter.php(353): CodeIgniter\CodeIgniter->handleRequest(NULL, Object(Config\Cache), false)
#10 D:\Project-(external)\BCPetHouse\public\index.php(79): CodeIgniter\CodeIgniter->run()
#11 D:\Project-(external)\BCPetHouse\system\Commands\Server\rewrite.php(47): require_once('D:\\Project-(ext...')
#12 {main}
CRITICAL - 2024-10-08 06:32:00 --> Unable to connect to the database.
Main connection [MySQLi]: No connection could be made because the target machine actively refused it
in SYSTEMPATH\Database\BaseConnection.php on line 427.
 1 SYSTEMPATH\Database\BaseConnection.php(574): CodeIgniter\Database\BaseConnection->initialize()
 2 SYSTEMPATH\Database\BaseBuilder.php(1616): CodeIgniter\Database\BaseConnection->query('SELECT `ambulatoir`.*, `pp`.`name`, `pp`.`owner_name`
FROM `ambulatoir`
JOIN `pet_profile` as `pp` ON `ambulatoir`.`pet_id` = `pp`.`id`', [], false)
 3 SYSTEMPATH\Model.php(237): CodeIgniter\Database\BaseBuilder->get()
 4 SYSTEMPATH\BaseModel.php(624): CodeIgniter\Model->doFindAll(0, 0)
 5 APPPATH\Models\AmbulatoirsModel.php(48): CodeIgniter\BaseModel->findAll()
 6 APPPATH\Controllers\Ambulatoir.php(30): App\Models\AmbulatoirsModel->getAmbulatoirAndPetList()
 7 SYSTEMPATH\CodeIgniter.php(915): App\Controllers\Ambulatoir->index()
 8 SYSTEMPATH\CodeIgniter.php(492): CodeIgniter\CodeIgniter->runController(Object(App\Controllers\Ambulatoir))
 9 SYSTEMPATH\CodeIgniter.php(353): CodeIgniter\CodeIgniter->handleRequest(null, Object(Config\Cache), false)
10 FCPATH\index.php(79): CodeIgniter\CodeIgniter->run()
11 SYSTEMPATH\Commands\Server\rewrite.php(47): require_once('D:\\Project-(external)\\BCPetHouse\\public\\index.php')
INFO - 2024-10-08 06:40:34 --> Session: Class initialized using 'CodeIgniter\Session\Handlers\FileHandler' driver.
INFO - 2024-10-08 06:40:36 --> Session: Class initialized using 'CodeIgniter\Session\Handlers\FileHandler' driver.
INFO - 2024-10-08 06:40:38 --> Session: Class initialized using 'CodeIgniter\Session\Handlers\FileHandler' driver.
CRITICAL - 2024-10-08 06:40:38 --> Undefined variable $pagi_medication
in APPPATH\Views\admin\rawat_inap\detail.php on line 148.
 1 APPPATH\Views\admin\rawat_inap\detail.php(148): CodeIgniter\Debug\Exceptions->errorHandler(2, 'Undefined variable $pagi_medication', 'D:\\Project-(external)\\BCPetHouse\\app\\Views\\admin\\rawat_inap\\detail.php', 148)
 2 SYSTEMPATH\View\View.php(226): include('D:\\Project-(external)\\BCPetHouse\\app\\Views\\admin\\rawat_inap\\detail.php')
 3 SYSTEMPATH\View\View.php(229): CodeIgniter\View\View->CodeIgniter\View\{closure}()
 4 SYSTEMPATH\Common.php(1178): CodeIgniter\View\View->render('admin/rawat_inap/detail', [], true)
 5 APPPATH\Controllers\RawatInap.php(62): view('admin/rawat_inap/detail', [...])
 6 SYSTEMPATH\CodeIgniter.php(915): App\Controllers\RawatInap->detail('1')
 7 SYSTEMPATH\CodeIgniter.php(492): CodeIgniter\CodeIgniter->runController(Object(App\Controllers\RawatInap))
 8 SYSTEMPATH\CodeIgniter.php(353): CodeIgniter\CodeIgniter->handleRequest(null, Object(Config\Cache), false)
 9 FCPATH\index.php(79): CodeIgniter\CodeIgniter->run()
10 SYSTEMPATH\Commands\Server\rewrite.php(47): require_once('D:\\Project-(external)\\BCPetHouse\\public\\index.php')
INFO - 2024-10-08 07:15:13 --> Session: Class initialized using 'CodeIgniter\Session\Handlers\FileHandler' driver.
CRITICAL - 2024-10-08 07:15:13 --> Undefined variable $pagi_medication
in APPPATH\Views\admin\rawat_inap\detail.php on line 148.
 1 APPPATH\Views\admin\rawat_inap\detail.php(148): CodeIgniter\Debug\Exceptions->errorHandler(2, 'Undefined variable $pagi_medication', 'D:\\Project-(external)\\BCPetHouse\\app\\Views\\admin\\rawat_inap\\detail.php', 148)
 2 SYSTEMPATH\View\View.php(226): include('D:\\Project-(external)\\BCPetHouse\\app\\Views\\admin\\rawat_inap\\detail.php')
 3 SYSTEMPATH\View\View.php(229): CodeIgniter\View\View->CodeIgniter\View\{closure}()
 4 SYSTEMPATH\Common.php(1178): CodeIgniter\View\View->render('admin/rawat_inap/detail', [], true)
 5 APPPATH\Controllers\RawatInap.php(62): view('admin/rawat_inap/detail', [...])
 6 SYSTEMPATH\CodeIgniter.php(915): App\Controllers\RawatInap->detail('1')
 7 SYSTEMPATH\CodeIgniter.php(492): CodeIgniter\CodeIgniter->runController(Object(App\Controllers\RawatInap))
 8 SYSTEMPATH\CodeIgniter.php(353): CodeIgniter\CodeIgniter->handleRequest(null, Object(Config\Cache), false)
 9 FCPATH\index.php(79): CodeIgniter\CodeIgniter->run()
10 SYSTEMPATH\Commands\Server\rewrite.php(47): require_once('D:\\Project-(external)\\BCPetHouse\\public\\index.php')
INFO - 2024-10-08 07:46:38 --> Session: Class initialized using 'CodeIgniter\Session\Handlers\FileHandler' driver.
CRITICAL - 2024-10-08 07:46:38 --> Undefined array key "pagi_medication"
in APPPATH\Views\admin\rawat_inap\detail.php on line 148.
 1 APPPATH\Views\admin\rawat_inap\detail.php(148): CodeIgniter\Debug\Exceptions->errorHandler(2, 'Undefined array key "pagi_medication"', 'D:\\Project-(external)\\BCPetHouse\\app\\Views\\admin\\rawat_inap\\detail.php', 148)
 2 SYSTEMPATH\View\View.php(226): include('D:\\Project-(external)\\BCPetHouse\\app\\Views\\admin\\rawat_inap\\detail.php')
 3 SYSTEMPATH\View\View.php(229): CodeIgniter\View\View->CodeIgniter\View\{closure}()
 4 SYSTEMPATH\Common.php(1178): CodeIgniter\View\View->render('admin/rawat_inap/detail', [], true)
 5 APPPATH\Controllers\RawatInap.php(62): view('admin/rawat_inap/detail', [...])
 6 SYSTEMPATH\CodeIgniter.php(915): App\Controllers\RawatInap->detail('1')
 7 SYSTEMPATH\CodeIgniter.php(492): CodeIgniter\CodeIgniter->runController(Object(App\Controllers\RawatInap))
 8 SYSTEMPATH\CodeIgniter.php(353): CodeIgniter\CodeIgniter->handleRequest(null, Object(Config\Cache), false)
 9 FCPATH\index.php(79): CodeIgniter\CodeIgniter->run()
10 SYSTEMPATH\Commands\Server\rewrite.php(47): require_once('D:\\Project-(external)\\BCPetHouse\\public\\index.php')
INFO - 2024-10-08 08:58:40 --> Session: Class initialized using 'CodeIgniter\Session\Handlers\FileHandler' driver.
CRITICAL - 2024-10-08 08:58:40 --> Undefined array key "pagi_medication"
in APPPATH\Views\admin\rawat_inap\detail.php on line 148.
 1 APPPATH\Views\admin\rawat_inap\detail.php(148): CodeIgniter\Debug\Exceptions->errorHandler(2, 'Undefined array key "pagi_medication"', 'D:\\Project-(external)\\BCPetHouse\\app\\Views\\admin\\rawat_inap\\detail.php', 148)
 2 SYSTEMPATH\View\View.php(226): include('D:\\Project-(external)\\BCPetHouse\\app\\Views\\admin\\rawat_inap\\detail.php')
 3 SYSTEMPATH\View\View.php(229): CodeIgniter\View\View->CodeIgniter\View\{closure}()
 4 SYSTEMPATH\Common.php(1178): CodeIgniter\View\View->render('admin/rawat_inap/detail', [], true)
 5 APPPATH\Controllers\RawatInap.php(62): view('admin/rawat_inap/detail', [...])
 6 SYSTEMPATH\CodeIgniter.php(915): App\Controllers\RawatInap->detail('1')
 7 SYSTEMPATH\CodeIgniter.php(492): CodeIgniter\CodeIgniter->runController(Object(App\Controllers\RawatInap))
 8 SYSTEMPATH\CodeIgniter.php(353): CodeIgniter\CodeIgniter->handleRequest(null, Object(Config\Cache), false)
 9 FCPATH\index.php(79): CodeIgniter\CodeIgniter->run()
10 SYSTEMPATH\Commands\Server\rewrite.php(47): require_once('D:\\Project-(external)\\BCPetHouse\\public\\index.php')
INFO - 2024-10-08 08:58:49 --> Session: Class initialized using 'CodeIgniter\Session\Handlers\FileHandler' driver.
CRITICAL - 2024-10-08 08:58:49 --> Undefined array key "pagi_medication"
in APPPATH\Views\admin\rawat_inap\detail.php on line 148.
 1 APPPATH\Views\admin\rawat_inap\detail.php(148): CodeIgniter\Debug\Exceptions->errorHandler(2, 'Undefined array key "pagi_medication"', 'D:\\Project-(external)\\BCPetHouse\\app\\Views\\admin\\rawat_inap\\detail.php', 148)
 2 SYSTEMPATH\View\View.php(226): include('D:\\Project-(external)\\BCPetHouse\\app\\Views\\admin\\rawat_inap\\detail.php')
 3 SYSTEMPATH\View\View.php(229): CodeIgniter\View\View->CodeIgniter\View\{closure}()
 4 SYSTEMPATH\Common.php(1178): CodeIgniter\View\View->render('admin/rawat_inap/detail', [], true)
 5 APPPATH\Controllers\RawatInap.php(62): view('admin/rawat_inap/detail', [...])
 6 SYSTEMPATH\CodeIgniter.php(915): App\Controllers\RawatInap->detail('1')
 7 SYSTEMPATH\CodeIgniter.php(492): CodeIgniter\CodeIgniter->runController(Object(App\Controllers\RawatInap))
 8 SYSTEMPATH\CodeIgniter.php(353): CodeIgniter\CodeIgniter->handleRequest(null, Object(Config\Cache), false)
 9 FCPATH\index.php(79): CodeIgniter\CodeIgniter->run()
10 SYSTEMPATH\Commands\Server\rewrite.php(47): require_once('D:\\Project-(external)\\BCPetHouse\\public\\index.php')
INFO - 2024-10-08 09:03:29 --> Session: Class initialized using 'CodeIgniter\Session\Handlers\FileHandler' driver.
INFO - 2024-10-08 09:38:10 --> Session: Class initialized using 'CodeIgniter\Session\Handlers\FileHandler' driver.
CRITICAL - 2024-10-08 09:38:10 --> Class "App\Controllers\DateTime" not found
in APPPATH\Controllers\RawatInap.php on line 41.
 1 SYSTEMPATH\CodeIgniter.php(915): App\Controllers\RawatInap->detail('1')
 2 SYSTEMPATH\CodeIgniter.php(492): CodeIgniter\CodeIgniter->runController(Object(App\Controllers\RawatInap))
 3 SYSTEMPATH\CodeIgniter.php(353): CodeIgniter\CodeIgniter->handleRequest(null, Object(Config\Cache), false)
 4 FCPATH\index.php(79): CodeIgniter\CodeIgniter->run()
 5 SYSTEMPATH\Commands\Server\rewrite.php(47): require_once('D:\\Project-(external)\\BCPetHouse\\public\\index.php')
INFO - 2024-10-08 09:39:00 --> Session: Class initialized using 'CodeIgniter\Session\Handlers\FileHandler' driver.
CRITICAL - 2024-10-08 09:39:00 --> Call to undefined method App\Models\RawatInapModel::getFisiologiByDate
in SYSTEMPATH\Model.php on line 873.
 1 APPPATH\Controllers\RawatInap.php(49): CodeIgniter\Model->__call('getFisiologiByDate', [...])
 2 SYSTEMPATH\CodeIgniter.php(915): App\Controllers\RawatInap->detail('1')
 3 SYSTEMPATH\CodeIgniter.php(492): CodeIgniter\CodeIgniter->runController(Object(App\Controllers\RawatInap))
 4 SYSTEMPATH\CodeIgniter.php(353): CodeIgniter\CodeIgniter->handleRequest(null, Object(Config\Cache), false)
 5 FCPATH\index.php(79): CodeIgniter\CodeIgniter->run()
 6 SYSTEMPATH\Commands\Server\rewrite.php(47): require_once('D:\\Project-(external)\\BCPetHouse\\public\\index.php')
INFO - 2024-10-08 09:39:57 --> Session: Class initialized using 'CodeIgniter\Session\Handlers\FileHandler' driver.
CRITICAL - 2024-10-08 09:39:57 --> Undefined variable $fisiologisModel
in APPPATH\Controllers\RawatInap.php on line 49.
 1 APPPATH\Controllers\RawatInap.php(49): CodeIgniter\Debug\Exceptions->errorHandler(2, 'Undefined variable $fisiologisModel', 'D:\\Project-(external)\\BCPetHouse\\app\\Controllers\\RawatInap.php', 49)
 2 SYSTEMPATH\CodeIgniter.php(915): App\Controllers\RawatInap->detail('1')
 3 SYSTEMPATH\CodeIgniter.php(492): CodeIgniter\CodeIgniter->runController(Object(App\Controllers\RawatInap))
 4 SYSTEMPATH\CodeIgniter.php(353): CodeIgniter\CodeIgniter->handleRequest(null, Object(Config\Cache), false)
 5 FCPATH\index.php(79): CodeIgniter\CodeIgniter->run()
 6 SYSTEMPATH\Commands\Server\rewrite.php(47): require_once('D:\\Project-(external)\\BCPetHouse\\public\\index.php')
INFO - 2024-10-08 09:40:49 --> Session: Class initialized using 'CodeIgniter\Session\Handlers\FileHandler' driver.
CRITICAL - 2024-10-08 09:40:49 --> Class "App\Controllers\FisiologisModel" not found
in APPPATH\Controllers\RawatInap.php on line 43.
 1 SYSTEMPATH\CodeIgniter.php(915): App\Controllers\RawatInap->detail('1')
 2 SYSTEMPATH\CodeIgniter.php(492): CodeIgniter\CodeIgniter->runController(Object(App\Controllers\RawatInap))
 3 SYSTEMPATH\CodeIgniter.php(353): CodeIgniter\CodeIgniter->handleRequest(null, Object(Config\Cache), false)
 4 FCPATH\index.php(79): CodeIgniter\CodeIgniter->run()
 5 SYSTEMPATH\Commands\Server\rewrite.php(47): require_once('D:\\Project-(external)\\BCPetHouse\\public\\index.php')
INFO - 2024-10-08 09:41:18 --> Session: Class initialized using 'CodeIgniter\Session\Handlers\FileHandler' driver.
CRITICAL - 2024-10-08 09:41:18 --> Call to undefined function App\Models\first()
in APPPATH\Models\FisiologisModel.php on line 86.
 1 APPPATH\Controllers\RawatInap.php(52): App\Models\FisiologisModel->getFisiologiByDate(Object(DateTime))
 2 SYSTEMPATH\CodeIgniter.php(915): App\Controllers\RawatInap->detail('1')
 3 SYSTEMPATH\CodeIgniter.php(492): CodeIgniter\CodeIgniter->runController(Object(App\Controllers\RawatInap))
 4 SYSTEMPATH\CodeIgniter.php(353): CodeIgniter\CodeIgniter->handleRequest(null, Object(Config\Cache), false)
 5 FCPATH\index.php(79): CodeIgniter\CodeIgniter->run()
 6 SYSTEMPATH\Commands\Server\rewrite.php(47): require_once('D:\\Project-(external)\\BCPetHouse\\public\\index.php')
INFO - 2024-10-08 09:42:17 --> Session: Class initialized using 'CodeIgniter\Session\Handlers\FileHandler' driver.
CRITICAL - 2024-10-08 09:42:17 --> Object of class DateTime could not be converted to string
in SYSTEMPATH\Database\Query.php on line 335.
 1 SYSTEMPATH\Database\Query.php(335): strtr('SELECT `fisiologis`.*
FROM `fisiologis`
WHERE `fisiologis`.`date` = :fisiologis.date:
 LIMIT 1', [...])
 2 SYSTEMPATH\Database\Query.php(310): CodeIgniter\Database\Query->matchNamedBinds('SELECT `fisiologis`.*
FROM `fisiologis`
WHERE `fisiologis`.`date` = :fisiologis.date:
 LIMIT 1', [...])
 3 SYSTEMPATH\Database\Query.php(159): CodeIgniter\Database\Query->compileBinds()
 4 SYSTEMPATH\Database\BaseConnection.php(606): CodeIgniter\Database\Query->getQuery()
 5 SYSTEMPATH\Database\BaseBuilder.php(1616): CodeIgniter\Database\BaseConnection->query('SELECT `fisiologis`.*
FROM `fisiologis`
WHERE `fisiologis`.`date` = :fisiologis.date:
 LIMIT 1', [...], false)
 6 SYSTEMPATH\Model.php(264): CodeIgniter\Database\BaseBuilder->get()
 7 SYSTEMPATH\BaseModel.php(662): CodeIgniter\Model->doFirst()
 8 APPPATH\Models\FisiologisModel.php(86): CodeIgniter\BaseModel->first()
 9 APPPATH\Controllers\RawatInap.php(52): App\Models\FisiologisModel->getFisiologiByDate(Object(DateTime))
10 SYSTEMPATH\CodeIgniter.php(915): App\Controllers\RawatInap->detail('1')
11 SYSTEMPATH\CodeIgniter.php(492): CodeIgniter\CodeIgniter->runController(Object(App\Controllers\RawatInap))
12 SYSTEMPATH\CodeIgniter.php(353): CodeIgniter\CodeIgniter->handleRequest(null, Object(Config\Cache), false)
13 FCPATH\index.php(79): CodeIgniter\CodeIgniter->run()
14 SYSTEMPATH\Commands\Server\rewrite.php(47): require_once('D:\\Project-(external)\\BCPetHouse\\public\\index.php')
INFO - 2024-10-08 09:46:43 --> Session: Class initialized using 'CodeIgniter\Session\Handlers\FileHandler' driver.
ERROR - 2024-10-08 09:46:43 --> mysqli_sql_exception: Unknown column 'fisiologis.date' in 'where clause' in D:\Project-(external)\BCPetHouse\system\Database\MySQLi\Connection.php:306
Stack trace:
#0 D:\Project-(external)\BCPetHouse\system\Database\MySQLi\Connection.php(306): mysqli->query('SELECT `fisiolo...', 0)
#1 D:\Project-(external)\BCPetHouse\system\Database\BaseConnection.php(692): CodeIgniter\Database\MySQLi\Connection->execute('SELECT `fisiolo...')
#2 D:\Project-(external)\BCPetHouse\system\Database\BaseConnection.php(606): CodeIgniter\Database\BaseConnection->simpleQuery('SELECT `fisiolo...')
#3 D:\Project-(external)\BCPetHouse\system\Database\BaseBuilder.php(1616): CodeIgniter\Database\BaseConnection->query('SELECT `fisiolo...', Array, false)
#4 D:\Project-(external)\BCPetHouse\system\Model.php(264): CodeIgniter\Database\BaseBuilder->get()
#5 D:\Project-(external)\BCPetHouse\system\BaseModel.php(662): CodeIgniter\Model->doFirst()
#6 D:\Project-(external)\BCPetHouse\app\Models\FisiologisModel.php(86): CodeIgniter\BaseModel->first()
#7 D:\Project-(external)\BCPetHouse\app\Controllers\RawatInap.php(53): App\Models\FisiologisModel->getFisiologiByDate('2024-10-08')
#8 D:\Project-(external)\BCPetHouse\system\CodeIgniter.php(915): App\Controllers\RawatInap->detail('1')
#9 D:\Project-(external)\BCPetHouse\system\CodeIgniter.php(492): CodeIgniter\CodeIgniter->runController(Object(App\Controllers\RawatInap))
#10 D:\Project-(external)\BCPetHouse\system\CodeIgniter.php(353): CodeIgniter\CodeIgniter->handleRequest(NULL, Object(Config\Cache), false)
#11 D:\Project-(external)\BCPetHouse\public\index.php(79): CodeIgniter\CodeIgniter->run()
#12 D:\Project-(external)\BCPetHouse\system\Commands\Server\rewrite.php(47): require_once('D:\\Project-(ext...')
#13 {main}
CRITICAL - 2024-10-08 09:46:43 --> Unknown column 'fisiologis.date' in 'where clause'
in SYSTEMPATH\Database\BaseConnection.php on line 646.
 1 SYSTEMPATH\Database\BaseBuilder.php(1616): CodeIgniter\Database\BaseConnection->query('SELECT `fisiologis`.*
FROM `fisiologis`
WHERE `fisiologis`.`date` = :fisiologis.date:
 LIMIT 1', [...], false)
 2 SYSTEMPATH\Model.php(264): CodeIgniter\Database\BaseBuilder->get()
 3 SYSTEMPATH\BaseModel.php(662): CodeIgniter\Model->doFirst()
 4 APPPATH\Models\FisiologisModel.php(86): CodeIgniter\BaseModel->first()
 5 APPPATH\Controllers\RawatInap.php(53): App\Models\FisiologisModel->getFisiologiByDate('2024-10-08')
 6 SYSTEMPATH\CodeIgniter.php(915): App\Controllers\RawatInap->detail('1')
 7 SYSTEMPATH\CodeIgniter.php(492): CodeIgniter\CodeIgniter->runController(Object(App\Controllers\RawatInap))
 8 SYSTEMPATH\CodeIgniter.php(353): CodeIgniter\CodeIgniter->handleRequest(null, Object(Config\Cache), false)
 9 FCPATH\index.php(79): CodeIgniter\CodeIgniter->run()
10 SYSTEMPATH\Commands\Server\rewrite.php(47): require_once('D:\\Project-(external)\\BCPetHouse\\public\\index.php')
INFO - 2024-10-08 09:47:36 --> Session: Class initialized using 'CodeIgniter\Session\Handlers\FileHandler' driver.
INFO - 2024-10-08 09:48:09 --> Session: Class initialized using 'CodeIgniter\Session\Handlers\FileHandler' driver.
CRITICAL - 2024-10-08 09:48:09 --> Trying to access array offset on value of type null
in APPPATH\Views\admin\rawat_inap\detail.php on line 143.
 1 APPPATH\Views\admin\rawat_inap\detail.php(143): CodeIgniter\Debug\Exceptions->errorHandler(2, 'Trying to access array offset on value of type null', 'D:\\Project-(external)\\BCPetHouse\\app\\Views\\admin\\rawat_inap\\detail.php', 143)
 2 SYSTEMPATH\View\View.php(226): include('D:\\Project-(external)\\BCPetHouse\\app\\Views\\admin\\rawat_inap\\detail.php')
 3 SYSTEMPATH\View\View.php(229): CodeIgniter\View\View->CodeIgniter\View\{closure}()
 4 SYSTEMPATH\Common.php(1178): CodeIgniter\View\View->render('admin/rawat_inap/detail', [], true)
 5 APPPATH\Controllers\RawatInap.php(69): view('admin/rawat_inap/detail', [...])
 6 SYSTEMPATH\CodeIgniter.php(915): App\Controllers\RawatInap->detail('1')
 7 SYSTEMPATH\CodeIgniter.php(492): CodeIgniter\CodeIgniter->runController(Object(App\Controllers\RawatInap))
 8 SYSTEMPATH\CodeIgniter.php(353): CodeIgniter\CodeIgniter->handleRequest(null, Object(Config\Cache), false)
 9 FCPATH\index.php(79): CodeIgniter\CodeIgniter->run()
10 SYSTEMPATH\Commands\Server\rewrite.php(47): require_once('D:\\Project-(external)\\BCPetHouse\\public\\index.php')
