INFO - 2024-10-09 02:29:37 --> Session: Class initialized using 'CodeIgniter\Session\Handlers\FileHandler' driver.
INFO - 2024-10-09 02:29:39 --> Session: Class initialized using 'CodeIgniter\Session\Handlers\FileHandler' driver.
INFO - 2024-10-09 02:29:41 --> Session: Class initialized using 'CodeIgniter\Session\Handlers\FileHandler' driver.
INFO - 2024-10-09 02:29:42 --> Session: Class initialized using 'CodeIgniter\Session\Handlers\FileHandler' driver.
INFO - 2024-10-09 02:29:42 --> Session: Class initialized using 'CodeIgniter\Session\Handlers\FileHandler' driver.
INFO - 2024-10-09 02:42:42 --> Session: Class initialized using 'CodeIgniter\Session\Handlers\FileHandler' driver.
INFO - 2024-10-09 02:45:15 --> Session: Class initialized using 'CodeIgniter\Session\Handlers\FileHandler' driver.
CRITICAL - 2024-10-09 02:45:15 --> Trying to access array offset on value of type null
in APPPATH\Views\admin\rawat_inap\detail.php on line 143.
 1 APPPATH\Views\admin\rawat_inap\detail.php(143): CodeIgniter\Debug\Exceptions->errorHandler(2, 'Trying to access array offset on value of type null', 'D:\\Project-(external)\\BCPetHouse\\app\\Views\\admin\\rawat_inap\\detail.php', 143)
 2 SYSTEMPATH\View\View.php(226): include('D:\\Project-(external)\\BCPetHouse\\app\\Views\\admin\\rawat_inap\\detail.php')
 3 SYSTEMPATH\View\View.php(229): CodeIgniter\View\View->CodeIgniter\View\{closure}()
 4 SYSTEMPATH\Common.php(1178): CodeIgniter\View\View->render('admin/rawat_inap/detail', [], true)
 5 APPPATH\Controllers\RawatInap.php(79): view('admin/rawat_inap/detail', [...])
 6 SYSTEMPATH\CodeIgniter.php(915): App\Controllers\RawatInap->detail('1')
 7 SYSTEMPATH\CodeIgniter.php(492): CodeIgniter\CodeIgniter->runController(Object(App\Controllers\RawatInap))
 8 SYSTEMPATH\CodeIgniter.php(353): CodeIgniter\CodeIgniter->handleRequest(null, Object(Config\Cache), false)
 9 FCPATH\index.php(79): CodeIgniter\CodeIgniter->run()
10 SYSTEMPATH\Commands\Server\rewrite.php(47): require_once('D:\\Project-(external)\\BCPetHouse\\public\\index.php')
INFO - 2024-10-09 02:45:15 --> Session: Class initialized using 'CodeIgniter\Session\Handlers\FileHandler' driver.
CRITICAL - 2024-10-09 02:45:15 --> Trying to access array offset on value of type null
in APPPATH\Views\admin\rawat_inap\detail.php on line 143.
 1 APPPATH\Views\admin\rawat_inap\detail.php(143): CodeIgniter\Debug\Exceptions->errorHandler(2, 'Trying to access array offset on value of type null', 'D:\\Project-(external)\\BCPetHouse\\app\\Views\\admin\\rawat_inap\\detail.php', 143)
 2 SYSTEMPATH\View\View.php(226): include('D:\\Project-(external)\\BCPetHouse\\app\\Views\\admin\\rawat_inap\\detail.php')
 3 SYSTEMPATH\View\View.php(229): CodeIgniter\View\View->CodeIgniter\View\{closure}()
 4 SYSTEMPATH\Common.php(1178): CodeIgniter\View\View->render('admin/rawat_inap/detail', [], true)
 5 APPPATH\Controllers\RawatInap.php(79): view('admin/rawat_inap/detail', [...])
 6 SYSTEMPATH\CodeIgniter.php(915): App\Controllers\RawatInap->detail('1')
 7 SYSTEMPATH\CodeIgniter.php(492): CodeIgniter\CodeIgniter->runController(Object(App\Controllers\RawatInap))
 8 SYSTEMPATH\CodeIgniter.php(353): CodeIgniter\CodeIgniter->handleRequest(null, Object(Config\Cache), false)
 9 FCPATH\index.php(79): CodeIgniter\CodeIgniter->run()
10 SYSTEMPATH\Commands\Server\rewrite.php(47): require_once('D:\\Project-(external)\\BCPetHouse\\public\\index.php')
INFO - 2024-10-09 02:45:23 --> Session: Class initialized using 'CodeIgniter\Session\Handlers\FileHandler' driver.
INFO - 2024-10-09 02:49:24 --> Session: Class initialized using 'CodeIgniter\Session\Handlers\FileHandler' driver.
INFO - 2024-10-09 02:49:28 --> Session: Class initialized using 'CodeIgniter\Session\Handlers\FileHandler' driver.
CRITICAL - 2024-10-09 02:49:28 --> Trying to access array offset on value of type null
in APPPATH\Views\admin\rawat_inap\detail.php on line 143.
 1 APPPATH\Views\admin\rawat_inap\detail.php(143): CodeIgniter\Debug\Exceptions->errorHandler(2, 'Trying to access array offset on value of type null', 'D:\\Project-(external)\\BCPetHouse\\app\\Views\\admin\\rawat_inap\\detail.php', 143)
 2 SYSTEMPATH\View\View.php(226): include('D:\\Project-(external)\\BCPetHouse\\app\\Views\\admin\\rawat_inap\\detail.php')
 3 SYSTEMPATH\View\View.php(229): CodeIgniter\View\View->CodeIgniter\View\{closure}()
 4 SYSTEMPATH\Common.php(1178): CodeIgniter\View\View->render('admin/rawat_inap/detail', [], true)
 5 APPPATH\Controllers\RawatInap.php(79): view('admin/rawat_inap/detail', [...])
 6 SYSTEMPATH\CodeIgniter.php(915): App\Controllers\RawatInap->detail('5')
 7 SYSTEMPATH\CodeIgniter.php(492): CodeIgniter\CodeIgniter->runController(Object(App\Controllers\RawatInap))
 8 SYSTEMPATH\CodeIgniter.php(353): CodeIgniter\CodeIgniter->handleRequest(null, Object(Config\Cache), false)
 9 FCPATH\index.php(79): CodeIgniter\CodeIgniter->run()
10 SYSTEMPATH\Commands\Server\rewrite.php(47): require_once('D:\\Project-(external)\\BCPetHouse\\public\\index.php')
INFO - 2024-10-09 02:58:01 --> Session: Class initialized using 'CodeIgniter\Session\Handlers\FileHandler' driver.
CRITICAL - 2024-10-09 02:58:01 --> Trying to access array offset on value of type null
in APPPATH\Views\admin\rawat_inap\detail.php on line 143.
 1 APPPATH\Views\admin\rawat_inap\detail.php(143): CodeIgniter\Debug\Exceptions->errorHandler(2, 'Trying to access array offset on value of type null', 'D:\\Project-(external)\\BCPetHouse\\app\\Views\\admin\\rawat_inap\\detail.php', 143)
 2 SYSTEMPATH\View\View.php(226): include('D:\\Project-(external)\\BCPetHouse\\app\\Views\\admin\\rawat_inap\\detail.php')
 3 SYSTEMPATH\View\View.php(229): CodeIgniter\View\View->CodeIgniter\View\{closure}()
 4 SYSTEMPATH\Common.php(1178): CodeIgniter\View\View->render('admin/rawat_inap/detail', [], true)
 5 APPPATH\Controllers\RawatInap.php(89): view('admin/rawat_inap/detail', [...])
 6 SYSTEMPATH\CodeIgniter.php(915): App\Controllers\RawatInap->detail('5')
 7 SYSTEMPATH\CodeIgniter.php(492): CodeIgniter\CodeIgniter->runController(Object(App\Controllers\RawatInap))
 8 SYSTEMPATH\CodeIgniter.php(353): CodeIgniter\CodeIgniter->handleRequest(null, Object(Config\Cache), false)
 9 FCPATH\index.php(79): CodeIgniter\CodeIgniter->run()
10 SYSTEMPATH\Commands\Server\rewrite.php(47): require_once('D:\\Project-(external)\\BCPetHouse\\public\\index.php')
INFO - 2024-10-09 02:58:03 --> Session: Class initialized using 'CodeIgniter\Session\Handlers\FileHandler' driver.
INFO - 2024-10-09 02:58:05 --> Session: Class initialized using 'CodeIgniter\Session\Handlers\FileHandler' driver.
CRITICAL - 2024-10-09 02:58:05 --> Trying to access array offset on value of type null
in APPPATH\Views\admin\rawat_inap\detail.php on line 143.
 1 APPPATH\Views\admin\rawat_inap\detail.php(143): CodeIgniter\Debug\Exceptions->errorHandler(2, 'Trying to access array offset on value of type null', 'D:\\Project-(external)\\BCPetHouse\\app\\Views\\admin\\rawat_inap\\detail.php', 143)
 2 SYSTEMPATH\View\View.php(226): include('D:\\Project-(external)\\BCPetHouse\\app\\Views\\admin\\rawat_inap\\detail.php')
 3 SYSTEMPATH\View\View.php(229): CodeIgniter\View\View->CodeIgniter\View\{closure}()
 4 SYSTEMPATH\Common.php(1178): CodeIgniter\View\View->render('admin/rawat_inap/detail', [], true)
 5 APPPATH\Controllers\RawatInap.php(89): view('admin/rawat_inap/detail', [...])
 6 SYSTEMPATH\CodeIgniter.php(915): App\Controllers\RawatInap->detail('1')
 7 SYSTEMPATH\CodeIgniter.php(492): CodeIgniter\CodeIgniter->runController(Object(App\Controllers\RawatInap))
 8 SYSTEMPATH\CodeIgniter.php(353): CodeIgniter\CodeIgniter->handleRequest(null, Object(Config\Cache), false)
 9 FCPATH\index.php(79): CodeIgniter\CodeIgniter->run()
10 SYSTEMPATH\Commands\Server\rewrite.php(47): require_once('D:\\Project-(external)\\BCPetHouse\\public\\index.php')
INFO - 2024-10-09 02:58:05 --> Session: Class initialized using 'CodeIgniter\Session\Handlers\FileHandler' driver.
CRITICAL - 2024-10-09 02:58:05 --> Trying to access array offset on value of type null
in APPPATH\Views\admin\rawat_inap\detail.php on line 143.
 1 APPPATH\Views\admin\rawat_inap\detail.php(143): CodeIgniter\Debug\Exceptions->errorHandler(2, 'Trying to access array offset on value of type null', 'D:\\Project-(external)\\BCPetHouse\\app\\Views\\admin\\rawat_inap\\detail.php', 143)
 2 SYSTEMPATH\View\View.php(226): include('D:\\Project-(external)\\BCPetHouse\\app\\Views\\admin\\rawat_inap\\detail.php')
 3 SYSTEMPATH\View\View.php(229): CodeIgniter\View\View->CodeIgniter\View\{closure}()
 4 SYSTEMPATH\Common.php(1178): CodeIgniter\View\View->render('admin/rawat_inap/detail', [], true)
 5 APPPATH\Controllers\RawatInap.php(89): view('admin/rawat_inap/detail', [...])
 6 SYSTEMPATH\CodeIgniter.php(915): App\Controllers\RawatInap->detail('1')
 7 SYSTEMPATH\CodeIgniter.php(492): CodeIgniter\CodeIgniter->runController(Object(App\Controllers\RawatInap))
 8 SYSTEMPATH\CodeIgniter.php(353): CodeIgniter\CodeIgniter->handleRequest(null, Object(Config\Cache), false)
 9 FCPATH\index.php(79): CodeIgniter\CodeIgniter->run()
10 SYSTEMPATH\Commands\Server\rewrite.php(47): require_once('D:\\Project-(external)\\BCPetHouse\\public\\index.php')
INFO - 2024-10-09 02:58:08 --> Session: Class initialized using 'CodeIgniter\Session\Handlers\FileHandler' driver.
INFO - 2024-10-09 02:59:24 --> Session: Class initialized using 'CodeIgniter\Session\Handlers\FileHandler' driver.
CRITICAL - 2024-10-09 02:59:24 --> Trying to access array offset on value of type null
in APPPATH\Views\admin\rawat_inap\detail.php on line 143.
 1 APPPATH\Views\admin\rawat_inap\detail.php(143): CodeIgniter\Debug\Exceptions->errorHandler(2, 'Trying to access array offset on value of type null', 'D:\\Project-(external)\\BCPetHouse\\app\\Views\\admin\\rawat_inap\\detail.php', 143)
 2 SYSTEMPATH\View\View.php(226): include('D:\\Project-(external)\\BCPetHouse\\app\\Views\\admin\\rawat_inap\\detail.php')
 3 SYSTEMPATH\View\View.php(229): CodeIgniter\View\View->CodeIgniter\View\{closure}()
 4 SYSTEMPATH\Common.php(1178): CodeIgniter\View\View->render('admin/rawat_inap/detail', [], true)
 5 APPPATH\Controllers\RawatInap.php(88): view('admin/rawat_inap/detail', [...])
 6 SYSTEMPATH\CodeIgniter.php(915): App\Controllers\RawatInap->detail('1')
 7 SYSTEMPATH\CodeIgniter.php(492): CodeIgniter\CodeIgniter->runController(Object(App\Controllers\RawatInap))
 8 SYSTEMPATH\CodeIgniter.php(353): CodeIgniter\CodeIgniter->handleRequest(null, Object(Config\Cache), false)
 9 FCPATH\index.php(79): CodeIgniter\CodeIgniter->run()
10 SYSTEMPATH\Commands\Server\rewrite.php(47): require_once('D:\\Project-(external)\\BCPetHouse\\public\\index.php')
INFO - 2024-10-09 02:59:24 --> Session: Class initialized using 'CodeIgniter\Session\Handlers\FileHandler' driver.
CRITICAL - 2024-10-09 02:59:24 --> Trying to access array offset on value of type null
in APPPATH\Views\admin\rawat_inap\detail.php on line 143.
 1 APPPATH\Views\admin\rawat_inap\detail.php(143): CodeIgniter\Debug\Exceptions->errorHandler(2, 'Trying to access array offset on value of type null', 'D:\\Project-(external)\\BCPetHouse\\app\\Views\\admin\\rawat_inap\\detail.php', 143)
 2 SYSTEMPATH\View\View.php(226): include('D:\\Project-(external)\\BCPetHouse\\app\\Views\\admin\\rawat_inap\\detail.php')
 3 SYSTEMPATH\View\View.php(229): CodeIgniter\View\View->CodeIgniter\View\{closure}()
 4 SYSTEMPATH\Common.php(1178): CodeIgniter\View\View->render('admin/rawat_inap/detail', [], true)
 5 APPPATH\Controllers\RawatInap.php(88): view('admin/rawat_inap/detail', [...])
 6 SYSTEMPATH\CodeIgniter.php(915): App\Controllers\RawatInap->detail('1')
 7 SYSTEMPATH\CodeIgniter.php(492): CodeIgniter\CodeIgniter->runController(Object(App\Controllers\RawatInap))
 8 SYSTEMPATH\CodeIgniter.php(353): CodeIgniter\CodeIgniter->handleRequest(null, Object(Config\Cache), false)
 9 FCPATH\index.php(79): CodeIgniter\CodeIgniter->run()
10 SYSTEMPATH\Commands\Server\rewrite.php(47): require_once('D:\\Project-(external)\\BCPetHouse\\public\\index.php')
INFO - 2024-10-09 04:18:55 --> Session: Class initialized using 'CodeIgniter\Session\Handlers\FileHandler' driver.
CRITICAL - 2024-10-09 04:18:55 --> Trying to access array offset on value of type null
in APPPATH\Views\admin\rawat_inap\detail.php on line 143.
 1 APPPATH\Views\admin\rawat_inap\detail.php(143): CodeIgniter\Debug\Exceptions->errorHandler(2, 'Trying to access array offset on value of type null', 'D:\\Project-(external)\\BCPetHouse\\app\\Views\\admin\\rawat_inap\\detail.php', 143)
 2 SYSTEMPATH\View\View.php(226): include('D:\\Project-(external)\\BCPetHouse\\app\\Views\\admin\\rawat_inap\\detail.php')
 3 SYSTEMPATH\View\View.php(229): CodeIgniter\View\View->CodeIgniter\View\{closure}()
 4 SYSTEMPATH\Common.php(1178): CodeIgniter\View\View->render('admin/rawat_inap/detail', [], true)
 5 APPPATH\Controllers\RawatInap.php(88): view('admin/rawat_inap/detail', [...])
 6 SYSTEMPATH\CodeIgniter.php(915): App\Controllers\RawatInap->detail('1')
 7 SYSTEMPATH\CodeIgniter.php(492): CodeIgniter\CodeIgniter->runController(Object(App\Controllers\RawatInap))
 8 SYSTEMPATH\CodeIgniter.php(353): CodeIgniter\CodeIgniter->handleRequest(null, Object(Config\Cache), false)
 9 FCPATH\index.php(79): CodeIgniter\CodeIgniter->run()
10 SYSTEMPATH\Commands\Server\rewrite.php(47): require_once('D:\\Project-(external)\\BCPetHouse\\public\\index.php')
INFO - 2024-10-09 04:21:39 --> Session: Class initialized using 'CodeIgniter\Session\Handlers\FileHandler' driver.
CRITICAL - 2024-10-09 04:21:39 --> Trying to access array offset on value of type null
in APPPATH\Views\admin\rawat_inap\detail.php on line 148.
 1 APPPATH\Views\admin\rawat_inap\detail.php(148): CodeIgniter\Debug\Exceptions->errorHandler(2, 'Trying to access array offset on value of type null', 'D:\\Project-(external)\\BCPetHouse\\app\\Views\\admin\\rawat_inap\\detail.php', 148)
 2 SYSTEMPATH\View\View.php(226): include('D:\\Project-(external)\\BCPetHouse\\app\\Views\\admin\\rawat_inap\\detail.php')
 3 SYSTEMPATH\View\View.php(229): CodeIgniter\View\View->CodeIgniter\View\{closure}()
 4 SYSTEMPATH\Common.php(1178): CodeIgniter\View\View->render('admin/rawat_inap/detail', [], true)
 5 APPPATH\Controllers\RawatInap.php(88): view('admin/rawat_inap/detail', [...])
 6 SYSTEMPATH\CodeIgniter.php(915): App\Controllers\RawatInap->detail('1')
 7 SYSTEMPATH\CodeIgniter.php(492): CodeIgniter\CodeIgniter->runController(Object(App\Controllers\RawatInap))
 8 SYSTEMPATH\CodeIgniter.php(353): CodeIgniter\CodeIgniter->handleRequest(null, Object(Config\Cache), false)
 9 FCPATH\index.php(79): CodeIgniter\CodeIgniter->run()
10 SYSTEMPATH\Commands\Server\rewrite.php(47): require_once('D:\\Project-(external)\\BCPetHouse\\public\\index.php')
INFO - 2024-10-09 04:21:40 --> Session: Class initialized using 'CodeIgniter\Session\Handlers\FileHandler' driver.
INFO - 2024-10-09 04:21:41 --> Session: Class initialized using 'CodeIgniter\Session\Handlers\FileHandler' driver.
CRITICAL - 2024-10-09 04:21:41 --> Trying to access array offset on value of type null
in APPPATH\Views\admin\rawat_inap\detail.php on line 148.
 1 APPPATH\Views\admin\rawat_inap\detail.php(148): CodeIgniter\Debug\Exceptions->errorHandler(2, 'Trying to access array offset on value of type null', 'D:\\Project-(external)\\BCPetHouse\\app\\Views\\admin\\rawat_inap\\detail.php', 148)
 2 SYSTEMPATH\View\View.php(226): include('D:\\Project-(external)\\BCPetHouse\\app\\Views\\admin\\rawat_inap\\detail.php')
 3 SYSTEMPATH\View\View.php(229): CodeIgniter\View\View->CodeIgniter\View\{closure}()
 4 SYSTEMPATH\Common.php(1178): CodeIgniter\View\View->render('admin/rawat_inap/detail', [], true)
 5 APPPATH\Controllers\RawatInap.php(88): view('admin/rawat_inap/detail', [...])
 6 SYSTEMPATH\CodeIgniter.php(915): App\Controllers\RawatInap->detail('5')
 7 SYSTEMPATH\CodeIgniter.php(492): CodeIgniter\CodeIgniter->runController(Object(App\Controllers\RawatInap))
 8 SYSTEMPATH\CodeIgniter.php(353): CodeIgniter\CodeIgniter->handleRequest(null, Object(Config\Cache), false)
 9 FCPATH\index.php(79): CodeIgniter\CodeIgniter->run()
10 SYSTEMPATH\Commands\Server\rewrite.php(47): require_once('D:\\Project-(external)\\BCPetHouse\\public\\index.php')
INFO - 2024-10-09 04:21:41 --> Session: Class initialized using 'CodeIgniter\Session\Handlers\FileHandler' driver.
CRITICAL - 2024-10-09 04:21:41 --> Trying to access array offset on value of type null
in APPPATH\Views\admin\rawat_inap\detail.php on line 148.
 1 APPPATH\Views\admin\rawat_inap\detail.php(148): CodeIgniter\Debug\Exceptions->errorHandler(2, 'Trying to access array offset on value of type null', 'D:\\Project-(external)\\BCPetHouse\\app\\Views\\admin\\rawat_inap\\detail.php', 148)
 2 SYSTEMPATH\View\View.php(226): include('D:\\Project-(external)\\BCPetHouse\\app\\Views\\admin\\rawat_inap\\detail.php')
 3 SYSTEMPATH\View\View.php(229): CodeIgniter\View\View->CodeIgniter\View\{closure}()
 4 SYSTEMPATH\Common.php(1178): CodeIgniter\View\View->render('admin/rawat_inap/detail', [], true)
 5 APPPATH\Controllers\RawatInap.php(88): view('admin/rawat_inap/detail', [...])
 6 SYSTEMPATH\CodeIgniter.php(915): App\Controllers\RawatInap->detail('5')
 7 SYSTEMPATH\CodeIgniter.php(492): CodeIgniter\CodeIgniter->runController(Object(App\Controllers\RawatInap))
 8 SYSTEMPATH\CodeIgniter.php(353): CodeIgniter\CodeIgniter->handleRequest(null, Object(Config\Cache), false)
 9 FCPATH\index.php(79): CodeIgniter\CodeIgniter->run()
10 SYSTEMPATH\Commands\Server\rewrite.php(47): require_once('D:\\Project-(external)\\BCPetHouse\\public\\index.php')
INFO - 2024-10-09 04:22:28 --> Session: Class initialized using 'CodeIgniter\Session\Handlers\FileHandler' driver.
CRITICAL - 2024-10-09 04:22:28 --> Trying to access array offset on value of type null
in APPPATH\Views\admin\rawat_inap\detail.php on line 143.
 1 APPPATH\Views\admin\rawat_inap\detail.php(143): CodeIgniter\Debug\Exceptions->errorHandler(2, 'Trying to access array offset on value of type null', 'D:\\Project-(external)\\BCPetHouse\\app\\Views\\admin\\rawat_inap\\detail.php', 143)
 2 SYSTEMPATH\View\View.php(226): include('D:\\Project-(external)\\BCPetHouse\\app\\Views\\admin\\rawat_inap\\detail.php')
 3 SYSTEMPATH\View\View.php(229): CodeIgniter\View\View->CodeIgniter\View\{closure}()
 4 SYSTEMPATH\Common.php(1178): CodeIgniter\View\View->render('admin/rawat_inap/detail', [], true)
 5 APPPATH\Controllers\RawatInap.php(88): view('admin/rawat_inap/detail', [...])
 6 SYSTEMPATH\CodeIgniter.php(915): App\Controllers\RawatInap->detail('5')
 7 SYSTEMPATH\CodeIgniter.php(492): CodeIgniter\CodeIgniter->runController(Object(App\Controllers\RawatInap))
 8 SYSTEMPATH\CodeIgniter.php(353): CodeIgniter\CodeIgniter->handleRequest(null, Object(Config\Cache), false)
 9 FCPATH\index.php(79): CodeIgniter\CodeIgniter->run()
10 SYSTEMPATH\Commands\Server\rewrite.php(47): require_once('D:\\Project-(external)\\BCPetHouse\\public\\index.php')
INFO - 2024-10-09 04:24:08 --> Session: Class initialized using 'CodeIgniter\Session\Handlers\FileHandler' driver.
INFO - 2024-10-09 04:25:01 --> Session: Class initialized using 'CodeIgniter\Session\Handlers\FileHandler' driver.
INFO - 2024-10-09 04:25:10 --> Session: Class initialized using 'CodeIgniter\Session\Handlers\FileHandler' driver.
CRITICAL - 2024-10-09 04:25:10 --> Cannot access offset of type string on string
in APPPATH\Views\admin\rawat_inap\detail.php on line 143.
 1 SYSTEMPATH\View\View.php(226): include()
 2 SYSTEMPATH\View\View.php(229): CodeIgniter\View\View->CodeIgniter\View\{closure}()
 3 SYSTEMPATH\Common.php(1178): CodeIgniter\View\View->render('admin/rawat_inap/detail', [], true)
 4 APPPATH\Controllers\RawatInap.php(92): view('admin/rawat_inap/detail', [...])
 5 SYSTEMPATH\CodeIgniter.php(915): App\Controllers\RawatInap->detail('5')
 6 SYSTEMPATH\CodeIgniter.php(492): CodeIgniter\CodeIgniter->runController(Object(App\Controllers\RawatInap))
 7 SYSTEMPATH\CodeIgniter.php(353): CodeIgniter\CodeIgniter->handleRequest(null, Object(Config\Cache), false)
 8 FCPATH\index.php(79): CodeIgniter\CodeIgniter->run()
 9 SYSTEMPATH\Commands\Server\rewrite.php(47): require_once('D:\\Project-(external)\\BCPetHouse\\public\\index.php')
INFO - 2024-10-09 04:25:29 --> Session: Class initialized using 'CodeIgniter\Session\Handlers\FileHandler' driver.
CRITICAL - 2024-10-09 04:25:29 --> Undefined array key "id"
in APPPATH\Views\admin\rawat_inap\detail.php on line 143.
 1 APPPATH\Views\admin\rawat_inap\detail.php(143): CodeIgniter\Debug\Exceptions->errorHandler(2, 'Undefined array key "id"', 'D:\\Project-(external)\\BCPetHouse\\app\\Views\\admin\\rawat_inap\\detail.php', 143)
 2 SYSTEMPATH\View\View.php(226): include('D:\\Project-(external)\\BCPetHouse\\app\\Views\\admin\\rawat_inap\\detail.php')
 3 SYSTEMPATH\View\View.php(229): CodeIgniter\View\View->CodeIgniter\View\{closure}()
 4 SYSTEMPATH\Common.php(1178): CodeIgniter\View\View->render('admin/rawat_inap/detail', [], true)
 5 APPPATH\Controllers\RawatInap.php(92): view('admin/rawat_inap/detail', [...])
 6 SYSTEMPATH\CodeIgniter.php(915): App\Controllers\RawatInap->detail('5')
 7 SYSTEMPATH\CodeIgniter.php(492): CodeIgniter\CodeIgniter->runController(Object(App\Controllers\RawatInap))
 8 SYSTEMPATH\CodeIgniter.php(353): CodeIgniter\CodeIgniter->handleRequest(null, Object(Config\Cache), false)
 9 FCPATH\index.php(79): CodeIgniter\CodeIgniter->run()
10 SYSTEMPATH\Commands\Server\rewrite.php(47): require_once('D:\\Project-(external)\\BCPetHouse\\public\\index.php')
INFO - 2024-10-09 04:25:47 --> Session: Class initialized using 'CodeIgniter\Session\Handlers\FileHandler' driver.
INFO - 2024-10-09 04:25:52 --> Session: Class initialized using 'CodeIgniter\Session\Handlers\FileHandler' driver.
CRITICAL - 2024-10-09 04:25:52 --> Undefined array key "id"
in APPPATH\Views\admin\rawat_inap\detail.php on line 143.
 1 APPPATH\Views\admin\rawat_inap\detail.php(143): CodeIgniter\Debug\Exceptions->errorHandler(2, 'Undefined array key "id"', 'D:\\Project-(external)\\BCPetHouse\\app\\Views\\admin\\rawat_inap\\detail.php', 143)
 2 SYSTEMPATH\View\View.php(226): include('D:\\Project-(external)\\BCPetHouse\\app\\Views\\admin\\rawat_inap\\detail.php')
 3 SYSTEMPATH\View\View.php(229): CodeIgniter\View\View->CodeIgniter\View\{closure}()
 4 SYSTEMPATH\Common.php(1178): CodeIgniter\View\View->render('admin/rawat_inap/detail', [], true)
 5 APPPATH\Controllers\RawatInap.php(92): view('admin/rawat_inap/detail', [...])
 6 SYSTEMPATH\CodeIgniter.php(915): App\Controllers\RawatInap->detail('5')
 7 SYSTEMPATH\CodeIgniter.php(492): CodeIgniter\CodeIgniter->runController(Object(App\Controllers\RawatInap))
 8 SYSTEMPATH\CodeIgniter.php(353): CodeIgniter\CodeIgniter->handleRequest(null, Object(Config\Cache), false)
 9 FCPATH\index.php(79): CodeIgniter\CodeIgniter->run()
10 SYSTEMPATH\Commands\Server\rewrite.php(47): require_once('D:\\Project-(external)\\BCPetHouse\\public\\index.php')
INFO - 2024-10-09 04:30:29 --> Session: Class initialized using 'CodeIgniter\Session\Handlers\FileHandler' driver.
CRITICAL - 2024-10-09 04:30:29 --> Trying to access array offset on value of type null
in APPPATH\Views\admin\rawat_inap\detail.php on line 143.
 1 APPPATH\Views\admin\rawat_inap\detail.php(143): CodeIgniter\Debug\Exceptions->errorHandler(2, 'Trying to access array offset on value of type null', 'D:\\Project-(external)\\BCPetHouse\\app\\Views\\admin\\rawat_inap\\detail.php', 143)
 2 SYSTEMPATH\View\View.php(226): include('D:\\Project-(external)\\BCPetHouse\\app\\Views\\admin\\rawat_inap\\detail.php')
 3 SYSTEMPATH\View\View.php(229): CodeIgniter\View\View->CodeIgniter\View\{closure}()
 4 SYSTEMPATH\Common.php(1178): CodeIgniter\View\View->render('admin/rawat_inap/detail', [], true)
 5 APPPATH\Controllers\RawatInap.php(88): view('admin/rawat_inap/detail', [...])
 6 SYSTEMPATH\CodeIgniter.php(915): App\Controllers\RawatInap->detail('5')
 7 SYSTEMPATH\CodeIgniter.php(492): CodeIgniter\CodeIgniter->runController(Object(App\Controllers\RawatInap))
 8 SYSTEMPATH\CodeIgniter.php(353): CodeIgniter\CodeIgniter->handleRequest(null, Object(Config\Cache), false)
 9 FCPATH\index.php(79): CodeIgniter\CodeIgniter->run()
10 SYSTEMPATH\Commands\Server\rewrite.php(47): require_once('D:\\Project-(external)\\BCPetHouse\\public\\index.php')
INFO - 2024-10-09 04:30:31 --> Session: Class initialized using 'CodeIgniter\Session\Handlers\FileHandler' driver.
INFO - 2024-10-09 04:31:16 --> Session: Class initialized using 'CodeIgniter\Session\Handlers\FileHandler' driver.
INFO - 2024-10-09 04:31:39 --> Session: Class initialized using 'CodeIgniter\Session\Handlers\FileHandler' driver.
CRITICAL - 2024-10-09 04:31:39 --> Trying to access array offset on value of type null
in APPPATH\Views\admin\rawat_inap\detail.php on line 143.
 1 APPPATH\Views\admin\rawat_inap\detail.php(143): CodeIgniter\Debug\Exceptions->errorHandler(2, 'Trying to access array offset on value of type null', 'D:\\Project-(external)\\BCPetHouse\\app\\Views\\admin\\rawat_inap\\detail.php', 143)
 2 SYSTEMPATH\View\View.php(226): include('D:\\Project-(external)\\BCPetHouse\\app\\Views\\admin\\rawat_inap\\detail.php')
 3 SYSTEMPATH\View\View.php(229): CodeIgniter\View\View->CodeIgniter\View\{closure}()
 4 SYSTEMPATH\Common.php(1178): CodeIgniter\View\View->render('admin/rawat_inap/detail', [], true)
 5 APPPATH\Controllers\RawatInap.php(88): view('admin/rawat_inap/detail', [...])
 6 SYSTEMPATH\CodeIgniter.php(915): App\Controllers\RawatInap->detail('47')
 7 SYSTEMPATH\CodeIgniter.php(492): CodeIgniter\CodeIgniter->runController(Object(App\Controllers\RawatInap))
 8 SYSTEMPATH\CodeIgniter.php(353): CodeIgniter\CodeIgniter->handleRequest(null, Object(Config\Cache), false)
 9 FCPATH\index.php(79): CodeIgniter\CodeIgniter->run()
10 SYSTEMPATH\Commands\Server\rewrite.php(47): require_once('D:\\Project-(external)\\BCPetHouse\\public\\index.php')
INFO - 2024-10-09 04:31:41 --> Session: Class initialized using 'CodeIgniter\Session\Handlers\FileHandler' driver.
INFO - 2024-10-09 04:34:10 --> Session: Class initialized using 'CodeIgniter\Session\Handlers\FileHandler' driver.
ERROR - 2024-10-09 04:34:10 --> mysqli_sql_exception: Unknown column 'pp.amnesa' in 'field list' in D:\Project-(external)\BCPetHouse\system\Database\MySQLi\Connection.php:306
Stack trace:
#0 D:\Project-(external)\BCPetHouse\system\Database\MySQLi\Connection.php(306): mysqli->query('SELECT `rawat_i...', 0)
#1 D:\Project-(external)\BCPetHouse\system\Database\BaseConnection.php(692): CodeIgniter\Database\MySQLi\Connection->execute('SELECT `rawat_i...')
#2 D:\Project-(external)\BCPetHouse\system\Database\BaseConnection.php(606): CodeIgniter\Database\BaseConnection->simpleQuery('SELECT `rawat_i...')
#3 D:\Project-(external)\BCPetHouse\system\Database\BaseBuilder.php(1616): CodeIgniter\Database\BaseConnection->query('SELECT `rawat_i...', Array, false)
#4 D:\Project-(external)\BCPetHouse\system\Model.php(237): CodeIgniter\Database\BaseBuilder->get()
#5 D:\Project-(external)\BCPetHouse\system\BaseModel.php(624): CodeIgniter\Model->doFindAll(0, 0)
#6 D:\Project-(external)\BCPetHouse\app\Models\RawatInapModel.php(39): CodeIgniter\BaseModel->findAll()
#7 D:\Project-(external)\BCPetHouse\app\Controllers\RawatInap.php(39): App\Models\RawatInapModel->getRawatInap()
#8 D:\Project-(external)\BCPetHouse\system\CodeIgniter.php(915): App\Controllers\RawatInap->index()
#9 D:\Project-(external)\BCPetHouse\system\CodeIgniter.php(492): CodeIgniter\CodeIgniter->runController(Object(App\Controllers\RawatInap))
#10 D:\Project-(external)\BCPetHouse\system\CodeIgniter.php(353): CodeIgniter\CodeIgniter->handleRequest(NULL, Object(Config\Cache), false)
#11 D:\Project-(external)\BCPetHouse\public\index.php(79): CodeIgniter\CodeIgniter->run()
#12 D:\Project-(external)\BCPetHouse\system\Commands\Server\rewrite.php(47): require_once('D:\\Project-(ext...')
#13 {main}
CRITICAL - 2024-10-09 04:34:10 --> Unknown column 'pp.amnesa' in 'field list'
in SYSTEMPATH\Database\BaseConnection.php on line 646.
 1 SYSTEMPATH\Database\BaseBuilder.php(1616): CodeIgniter\Database\BaseConnection->query('SELECT `rawat_inap`.*, `pp`.`name`, `pp`.`owner_name`, `pp`.`address`, `pp`.`amnesa`
FROM `rawat_inap`
JOIN `ambulatoir` as `am` ON `rawat_inap`.`id_ambulatoir` = `am`.`id`
JOIN `pet_profile` as `pp` ON `rawat_inap`.`id_petProfile` = `pp`.`id`', [], false)
 2 SYSTEMPATH\Model.php(237): CodeIgniter\Database\BaseBuilder->get()
 3 SYSTEMPATH\BaseModel.php(624): CodeIgniter\Model->doFindAll(0, 0)
 4 APPPATH\Models\RawatInapModel.php(39): CodeIgniter\BaseModel->findAll()
 5 APPPATH\Controllers\RawatInap.php(39): App\Models\RawatInapModel->getRawatInap()
 6 SYSTEMPATH\CodeIgniter.php(915): App\Controllers\RawatInap->index()
 7 SYSTEMPATH\CodeIgniter.php(492): CodeIgniter\CodeIgniter->runController(Object(App\Controllers\RawatInap))
 8 SYSTEMPATH\CodeIgniter.php(353): CodeIgniter\CodeIgniter->handleRequest(null, Object(Config\Cache), false)
 9 FCPATH\index.php(79): CodeIgniter\CodeIgniter->run()
10 SYSTEMPATH\Commands\Server\rewrite.php(47): require_once('D:\\Project-(external)\\BCPetHouse\\public\\index.php')
INFO - 2024-10-09 04:34:38 --> Session: Class initialized using 'CodeIgniter\Session\Handlers\FileHandler' driver.
ERROR - 2024-10-09 04:34:38 --> mysqli_sql_exception: Unknown column 'pp.amnesa' in 'field list' in D:\Project-(external)\BCPetHouse\system\Database\MySQLi\Connection.php:306
Stack trace:
#0 D:\Project-(external)\BCPetHouse\system\Database\MySQLi\Connection.php(306): mysqli->query('SELECT `rawat_i...', 0)
#1 D:\Project-(external)\BCPetHouse\system\Database\BaseConnection.php(692): CodeIgniter\Database\MySQLi\Connection->execute('SELECT `rawat_i...')
#2 D:\Project-(external)\BCPetHouse\system\Database\BaseConnection.php(606): CodeIgniter\Database\BaseConnection->simpleQuery('SELECT `rawat_i...')
#3 D:\Project-(external)\BCPetHouse\system\Database\BaseBuilder.php(1616): CodeIgniter\Database\BaseConnection->query('SELECT `rawat_i...', Array, false)
#4 D:\Project-(external)\BCPetHouse\system\Model.php(237): CodeIgniter\Database\BaseBuilder->get()
#5 D:\Project-(external)\BCPetHouse\system\BaseModel.php(624): CodeIgniter\Model->doFindAll(0, 0)
#6 D:\Project-(external)\BCPetHouse\app\Models\RawatInapModel.php(39): CodeIgniter\BaseModel->findAll()
#7 D:\Project-(external)\BCPetHouse\app\Controllers\RawatInap.php(39): App\Models\RawatInapModel->getRawatInap()
#8 D:\Project-(external)\BCPetHouse\system\CodeIgniter.php(915): App\Controllers\RawatInap->index()
#9 D:\Project-(external)\BCPetHouse\system\CodeIgniter.php(492): CodeIgniter\CodeIgniter->runController(Object(App\Controllers\RawatInap))
#10 D:\Project-(external)\BCPetHouse\system\CodeIgniter.php(353): CodeIgniter\CodeIgniter->handleRequest(NULL, Object(Config\Cache), false)
#11 D:\Project-(external)\BCPetHouse\public\index.php(79): CodeIgniter\CodeIgniter->run()
#12 D:\Project-(external)\BCPetHouse\system\Commands\Server\rewrite.php(47): require_once('D:\\Project-(ext...')
#13 {main}
CRITICAL - 2024-10-09 04:34:38 --> Unknown column 'pp.amnesa' in 'field list'
in SYSTEMPATH\Database\BaseConnection.php on line 646.
 1 SYSTEMPATH\Database\BaseBuilder.php(1616): CodeIgniter\Database\BaseConnection->query('SELECT `rawat_inap`.*, `pp`.`name`, `pp`.`owner_name`, `pp`.`address`, `pp`.`amnesa`
FROM `rawat_inap`
JOIN `ambulatoir` as `am` ON `rawat_inap`.`id_ambulatoir` = `am`.`id`
JOIN `pet_profile` as `pp` ON `rawat_inap`.`id_petProfile` = `pp`.`id`', [], false)
 2 SYSTEMPATH\Model.php(237): CodeIgniter\Database\BaseBuilder->get()
 3 SYSTEMPATH\BaseModel.php(624): CodeIgniter\Model->doFindAll(0, 0)
 4 APPPATH\Models\RawatInapModel.php(39): CodeIgniter\BaseModel->findAll()
 5 APPPATH\Controllers\RawatInap.php(39): App\Models\RawatInapModel->getRawatInap()
 6 SYSTEMPATH\CodeIgniter.php(915): App\Controllers\RawatInap->index()
 7 SYSTEMPATH\CodeIgniter.php(492): CodeIgniter\CodeIgniter->runController(Object(App\Controllers\RawatInap))
 8 SYSTEMPATH\CodeIgniter.php(353): CodeIgniter\CodeIgniter->handleRequest(null, Object(Config\Cache), false)
 9 FCPATH\index.php(79): CodeIgniter\CodeIgniter->run()
10 SYSTEMPATH\Commands\Server\rewrite.php(47): require_once('D:\\Project-(external)\\BCPetHouse\\public\\index.php')
INFO - 2024-10-09 04:34:40 --> Session: Class initialized using 'CodeIgniter\Session\Handlers\FileHandler' driver.
ERROR - 2024-10-09 04:34:40 --> mysqli_sql_exception: Unknown column 'pp.amnesa' in 'field list' in D:\Project-(external)\BCPetHouse\system\Database\MySQLi\Connection.php:306
Stack trace:
#0 D:\Project-(external)\BCPetHouse\system\Database\MySQLi\Connection.php(306): mysqli->query('SELECT `rawat_i...', 0)
#1 D:\Project-(external)\BCPetHouse\system\Database\BaseConnection.php(692): CodeIgniter\Database\MySQLi\Connection->execute('SELECT `rawat_i...')
#2 D:\Project-(external)\BCPetHouse\system\Database\BaseConnection.php(606): CodeIgniter\Database\BaseConnection->simpleQuery('SELECT `rawat_i...')
#3 D:\Project-(external)\BCPetHouse\system\Database\BaseBuilder.php(1616): CodeIgniter\Database\BaseConnection->query('SELECT `rawat_i...', Array, false)
#4 D:\Project-(external)\BCPetHouse\system\Model.php(237): CodeIgniter\Database\BaseBuilder->get()
#5 D:\Project-(external)\BCPetHouse\system\BaseModel.php(624): CodeIgniter\Model->doFindAll(0, 0)
#6 D:\Project-(external)\BCPetHouse\app\Models\RawatInapModel.php(39): CodeIgniter\BaseModel->findAll()
#7 D:\Project-(external)\BCPetHouse\app\Controllers\RawatInap.php(39): App\Models\RawatInapModel->getRawatInap()
#8 D:\Project-(external)\BCPetHouse\system\CodeIgniter.php(915): App\Controllers\RawatInap->index()
#9 D:\Project-(external)\BCPetHouse\system\CodeIgniter.php(492): CodeIgniter\CodeIgniter->runController(Object(App\Controllers\RawatInap))
#10 D:\Project-(external)\BCPetHouse\system\CodeIgniter.php(353): CodeIgniter\CodeIgniter->handleRequest(NULL, Object(Config\Cache), false)
#11 D:\Project-(external)\BCPetHouse\public\index.php(79): CodeIgniter\CodeIgniter->run()
#12 D:\Project-(external)\BCPetHouse\system\Commands\Server\rewrite.php(47): require_once('D:\\Project-(ext...')
#13 {main}
CRITICAL - 2024-10-09 04:34:40 --> Unknown column 'pp.amnesa' in 'field list'
in SYSTEMPATH\Database\BaseConnection.php on line 646.
 1 SYSTEMPATH\Database\BaseBuilder.php(1616): CodeIgniter\Database\BaseConnection->query('SELECT `rawat_inap`.*, `pp`.`name`, `pp`.`owner_name`, `pp`.`address`, `pp`.`amnesa`
FROM `rawat_inap`
JOIN `ambulatoir` as `am` ON `rawat_inap`.`id_ambulatoir` = `am`.`id`
JOIN `pet_profile` as `pp` ON `rawat_inap`.`id_petProfile` = `pp`.`id`', [], false)
 2 SYSTEMPATH\Model.php(237): CodeIgniter\Database\BaseBuilder->get()
 3 SYSTEMPATH\BaseModel.php(624): CodeIgniter\Model->doFindAll(0, 0)
 4 APPPATH\Models\RawatInapModel.php(39): CodeIgniter\BaseModel->findAll()
 5 APPPATH\Controllers\RawatInap.php(39): App\Models\RawatInapModel->getRawatInap()
 6 SYSTEMPATH\CodeIgniter.php(915): App\Controllers\RawatInap->index()
 7 SYSTEMPATH\CodeIgniter.php(492): CodeIgniter\CodeIgniter->runController(Object(App\Controllers\RawatInap))
 8 SYSTEMPATH\CodeIgniter.php(353): CodeIgniter\CodeIgniter->handleRequest(null, Object(Config\Cache), false)
 9 FCPATH\index.php(79): CodeIgniter\CodeIgniter->run()
10 SYSTEMPATH\Commands\Server\rewrite.php(47): require_once('D:\\Project-(external)\\BCPetHouse\\public\\index.php')
INFO - 2024-10-09 04:34:41 --> Session: Class initialized using 'CodeIgniter\Session\Handlers\FileHandler' driver.
INFO - 2024-10-09 04:34:44 --> Session: Class initialized using 'CodeIgniter\Session\Handlers\FileHandler' driver.
ERROR - 2024-10-09 04:34:44 --> mysqli_sql_exception: Unknown column 'pp.amnesa' in 'field list' in D:\Project-(external)\BCPetHouse\system\Database\MySQLi\Connection.php:306
Stack trace:
#0 D:\Project-(external)\BCPetHouse\system\Database\MySQLi\Connection.php(306): mysqli->query('SELECT `rawat_i...', 0)
#1 D:\Project-(external)\BCPetHouse\system\Database\BaseConnection.php(692): CodeIgniter\Database\MySQLi\Connection->execute('SELECT `rawat_i...')
#2 D:\Project-(external)\BCPetHouse\system\Database\BaseConnection.php(606): CodeIgniter\Database\BaseConnection->simpleQuery('SELECT `rawat_i...')
#3 D:\Project-(external)\BCPetHouse\system\Database\BaseBuilder.php(1616): CodeIgniter\Database\BaseConnection->query('SELECT `rawat_i...', Array, false)
#4 D:\Project-(external)\BCPetHouse\system\Model.php(237): CodeIgniter\Database\BaseBuilder->get()
#5 D:\Project-(external)\BCPetHouse\system\BaseModel.php(624): CodeIgniter\Model->doFindAll(0, 0)
#6 D:\Project-(external)\BCPetHouse\app\Models\RawatInapModel.php(39): CodeIgniter\BaseModel->findAll()
#7 D:\Project-(external)\BCPetHouse\app\Controllers\RawatInap.php(39): App\Models\RawatInapModel->getRawatInap()
#8 D:\Project-(external)\BCPetHouse\system\CodeIgniter.php(915): App\Controllers\RawatInap->index()
#9 D:\Project-(external)\BCPetHouse\system\CodeIgniter.php(492): CodeIgniter\CodeIgniter->runController(Object(App\Controllers\RawatInap))
#10 D:\Project-(external)\BCPetHouse\system\CodeIgniter.php(353): CodeIgniter\CodeIgniter->handleRequest(NULL, Object(Config\Cache), false)
#11 D:\Project-(external)\BCPetHouse\public\index.php(79): CodeIgniter\CodeIgniter->run()
#12 D:\Project-(external)\BCPetHouse\system\Commands\Server\rewrite.php(47): require_once('D:\\Project-(ext...')
#13 {main}
CRITICAL - 2024-10-09 04:34:44 --> Unknown column 'pp.amnesa' in 'field list'
in SYSTEMPATH\Database\BaseConnection.php on line 646.
 1 SYSTEMPATH\Database\BaseBuilder.php(1616): CodeIgniter\Database\BaseConnection->query('SELECT `rawat_inap`.*, `pp`.`name`, `pp`.`owner_name`, `pp`.`address`, `pp`.`amnesa`
FROM `rawat_inap`
JOIN `ambulatoir` as `am` ON `rawat_inap`.`id_ambulatoir` = `am`.`id`
JOIN `pet_profile` as `pp` ON `rawat_inap`.`id_petProfile` = `pp`.`id`', [], false)
 2 SYSTEMPATH\Model.php(237): CodeIgniter\Database\BaseBuilder->get()
 3 SYSTEMPATH\BaseModel.php(624): CodeIgniter\Model->doFindAll(0, 0)
 4 APPPATH\Models\RawatInapModel.php(39): CodeIgniter\BaseModel->findAll()
 5 APPPATH\Controllers\RawatInap.php(39): App\Models\RawatInapModel->getRawatInap()
 6 SYSTEMPATH\CodeIgniter.php(915): App\Controllers\RawatInap->index()
 7 SYSTEMPATH\CodeIgniter.php(492): CodeIgniter\CodeIgniter->runController(Object(App\Controllers\RawatInap))
 8 SYSTEMPATH\CodeIgniter.php(353): CodeIgniter\CodeIgniter->handleRequest(null, Object(Config\Cache), false)
 9 FCPATH\index.php(79): CodeIgniter\CodeIgniter->run()
10 SYSTEMPATH\Commands\Server\rewrite.php(47): require_once('D:\\Project-(external)\\BCPetHouse\\public\\index.php')
INFO - 2024-10-09 04:35:05 --> Session: Class initialized using 'CodeIgniter\Session\Handlers\FileHandler' driver.
INFO - 2024-10-09 04:35:31 --> Session: Class initialized using 'CodeIgniter\Session\Handlers\FileHandler' driver.
INFO - 2024-10-09 04:36:12 --> Session: Class initialized using 'CodeIgniter\Session\Handlers\FileHandler' driver.
INFO - 2024-10-09 04:36:45 --> Session: Class initialized using 'CodeIgniter\Session\Handlers\FileHandler' driver.
CRITICAL - 2024-10-09 04:36:45 --> Trying to access array offset on value of type null
in APPPATH\Views\admin\rawat_inap\detail.php on line 143.
 1 APPPATH\Views\admin\rawat_inap\detail.php(143): CodeIgniter\Debug\Exceptions->errorHandler(2, 'Trying to access array offset on value of type null', 'D:\\Project-(external)\\BCPetHouse\\app\\Views\\admin\\rawat_inap\\detail.php', 143)
 2 SYSTEMPATH\View\View.php(226): include('D:\\Project-(external)\\BCPetHouse\\app\\Views\\admin\\rawat_inap\\detail.php')
 3 SYSTEMPATH\View\View.php(229): CodeIgniter\View\View->CodeIgniter\View\{closure}()
 4 SYSTEMPATH\Common.php(1178): CodeIgniter\View\View->render('admin/rawat_inap/detail', [], true)
 5 APPPATH\Controllers\RawatInap.php(88): view('admin/rawat_inap/detail', [...])
 6 SYSTEMPATH\CodeIgniter.php(915): App\Controllers\RawatInap->detail('47')
 7 SYSTEMPATH\CodeIgniter.php(492): CodeIgniter\CodeIgniter->runController(Object(App\Controllers\RawatInap))
 8 SYSTEMPATH\CodeIgniter.php(353): CodeIgniter\CodeIgniter->handleRequest(null, Object(Config\Cache), false)
 9 FCPATH\index.php(79): CodeIgniter\CodeIgniter->run()
10 SYSTEMPATH\Commands\Server\rewrite.php(47): require_once('D:\\Project-(external)\\BCPetHouse\\public\\index.php')
INFO - 2024-10-09 04:36:45 --> Session: Class initialized using 'CodeIgniter\Session\Handlers\FileHandler' driver.
CRITICAL - 2024-10-09 04:36:45 --> Trying to access array offset on value of type null
in APPPATH\Views\admin\rawat_inap\detail.php on line 143.
 1 APPPATH\Views\admin\rawat_inap\detail.php(143): CodeIgniter\Debug\Exceptions->errorHandler(2, 'Trying to access array offset on value of type null', 'D:\\Project-(external)\\BCPetHouse\\app\\Views\\admin\\rawat_inap\\detail.php', 143)
 2 SYSTEMPATH\View\View.php(226): include('D:\\Project-(external)\\BCPetHouse\\app\\Views\\admin\\rawat_inap\\detail.php')
 3 SYSTEMPATH\View\View.php(229): CodeIgniter\View\View->CodeIgniter\View\{closure}()
 4 SYSTEMPATH\Common.php(1178): CodeIgniter\View\View->render('admin/rawat_inap/detail', [], true)
 5 APPPATH\Controllers\RawatInap.php(88): view('admin/rawat_inap/detail', [...])
 6 SYSTEMPATH\CodeIgniter.php(915): App\Controllers\RawatInap->detail('47')
 7 SYSTEMPATH\CodeIgniter.php(492): CodeIgniter\CodeIgniter->runController(Object(App\Controllers\RawatInap))
 8 SYSTEMPATH\CodeIgniter.php(353): CodeIgniter\CodeIgniter->handleRequest(null, Object(Config\Cache), false)
 9 FCPATH\index.php(79): CodeIgniter\CodeIgniter->run()
10 SYSTEMPATH\Commands\Server\rewrite.php(47): require_once('D:\\Project-(external)\\BCPetHouse\\public\\index.php')
INFO - 2024-10-09 04:39:05 --> Session: Class initialized using 'CodeIgniter\Session\Handlers\FileHandler' driver.
INFO - 2024-10-09 04:39:35 --> Session: Class initialized using 'CodeIgniter\Session\Handlers\FileHandler' driver.
INFO - 2024-10-09 08:13:35 --> Session: Class initialized using 'CodeIgniter\Session\Handlers\FileHandler' driver.
INFO - 2024-10-09 08:13:40 --> Session: Class initialized using 'CodeIgniter\Session\Handlers\FileHandler' driver.
INFO - 2024-10-09 08:13:41 --> Session: Class initialized using 'CodeIgniter\Session\Handlers\FileHandler' driver.
INFO - 2024-10-09 08:13:42 --> Session: Class initialized using 'CodeIgniter\Session\Handlers\FileHandler' driver.
INFO - 2024-10-09 08:13:46 --> Session: Class initialized using 'CodeIgniter\Session\Handlers\FileHandler' driver.
INFO - 2024-10-09 08:13:51 --> Session: Class initialized using 'CodeIgniter\Session\Handlers\FileHandler' driver.
INFO - 2024-10-09 09:02:54 --> Session: Class initialized using 'CodeIgniter\Session\Handlers\FileHandler' driver.
CRITICAL - 2024-10-09 09:02:54 --> Class "App\Models\DateTime" not found
in APPPATH\Models\FisiologisModel.php on line 85.
 1 APPPATH\Controllers\RawatInap.php(61): App\Models\FisiologisModel->getFisiologiByDate('2024-10-09')
 2 SYSTEMPATH\CodeIgniter.php(915): App\Controllers\RawatInap->detail('47')
 3 SYSTEMPATH\CodeIgniter.php(492): CodeIgniter\CodeIgniter->runController(Object(App\Controllers\RawatInap))
 4 SYSTEMPATH\CodeIgniter.php(353): CodeIgniter\CodeIgniter->handleRequest(null, Object(Config\Cache), false)
 5 FCPATH\index.php(79): CodeIgniter\CodeIgniter->run()
 6 SYSTEMPATH\Commands\Server\rewrite.php(47): require_once('D:\\Project-(external)\\BCPetHouse\\public\\index.php')
INFO - 2024-10-09 09:03:30 --> Session: Class initialized using 'CodeIgniter\Session\Handlers\FileHandler' driver.
INFO - 2024-10-09 09:05:15 --> Session: Class initialized using 'CodeIgniter\Session\Handlers\FileHandler' driver.
INFO - 2024-10-09 09:05:30 --> Session: Class initialized using 'CodeIgniter\Session\Handlers\FileHandler' driver.
INFO - 2024-10-09 09:08:21 --> Session: Class initialized using 'CodeIgniter\Session\Handlers\FileHandler' driver.
INFO - 2024-10-09 09:09:16 --> Session: Class initialized using 'CodeIgniter\Session\Handlers\FileHandler' driver.
INFO - 2024-10-09 09:10:14 --> Session: Class initialized using 'CodeIgniter\Session\Handlers\FileHandler' driver.
INFO - 2024-10-09 09:12:02 --> Session: Class initialized using 'CodeIgniter\Session\Handlers\FileHandler' driver.
INFO - 2024-10-09 09:30:21 --> Session: Class initialized using 'CodeIgniter\Session\Handlers\FileHandler' driver.
INFO - 2024-10-09 09:30:21 --> Data Format2024-10-09
INFO - 2024-10-09 09:39:21 --> Session: Class initialized using 'CodeIgniter\Session\Handlers\FileHandler' driver.
INFO - 2024-10-09 09:39:22 --> Data Format2024-10-09
INFO - 2024-10-09 09:40:09 --> Session: Class initialized using 'CodeIgniter\Session\Handlers\FileHandler' driver.
INFO - 2024-10-09 09:40:09 --> Data Format2024-10-09
INFO - 2024-10-09 09:43:38 --> Session: Class initialized using 'CodeIgniter\Session\Handlers\FileHandler' driver.
ERROR - 2024-10-09 09:43:38 --> mysqli_sql_exception: Table 'bcpet_db.rawatinap' doesn't exist in D:\Project-(external)\BCPetHouse\system\Database\MySQLi\Connection.php:306
Stack trace:
#0 D:\Project-(external)\BCPetHouse\system\Database\MySQLi\Connection.php(306): mysqli->query('SELECT `fisiolo...', 0)
#1 D:\Project-(external)\BCPetHouse\system\Database\BaseConnection.php(692): CodeIgniter\Database\MySQLi\Connection->execute('SELECT `fisiolo...')
#2 D:\Project-(external)\BCPetHouse\system\Database\BaseConnection.php(606): CodeIgniter\Database\BaseConnection->simpleQuery('SELECT `fisiolo...')
#3 D:\Project-(external)\BCPetHouse\system\Database\BaseBuilder.php(1616): CodeIgniter\Database\BaseConnection->query('SELECT `fisiolo...', Array, false)
#4 D:\Project-(external)\BCPetHouse\system\Model.php(237): CodeIgniter\Database\BaseBuilder->get()
#5 D:\Project-(external)\BCPetHouse\system\BaseModel.php(624): CodeIgniter\Model->doFindAll(0, 0)
#6 D:\Project-(external)\BCPetHouse\app\Models\FisiologisModel.php(69): CodeIgniter\BaseModel->findAll()
#7 D:\Project-(external)\BCPetHouse\app\Controllers\RawatInap.php(61): App\Models\FisiologisModel->getFisiologisHospilatizedPet('47')
#8 D:\Project-(external)\BCPetHouse\system\CodeIgniter.php(915): App\Controllers\RawatInap->detail('47')
#9 D:\Project-(external)\BCPetHouse\system\CodeIgniter.php(492): CodeIgniter\CodeIgniter->runController(Object(App\Controllers\RawatInap))
#10 D:\Project-(external)\BCPetHouse\system\CodeIgniter.php(353): CodeIgniter\CodeIgniter->handleRequest(NULL, Object(Config\Cache), false)
#11 D:\Project-(external)\BCPetHouse\public\index.php(79): CodeIgniter\CodeIgniter->run()
#12 D:\Project-(external)\BCPetHouse\system\Commands\Server\rewrite.php(47): require_once('D:\\Project-(ext...')
#13 {main}
CRITICAL - 2024-10-09 09:43:38 --> Table 'bcpet_db.rawatinap' doesn't exist
in SYSTEMPATH\Database\BaseConnection.php on line 646.
 1 SYSTEMPATH\Database\BaseBuilder.php(1616): CodeIgniter\Database\BaseConnection->query('SELECT `fisiologis`.*
FROM `fisiologis`
JOIN `rawatInap` as `r` ON `fisiologis`.`rawat_inap_id` = `r`.`id`
WHERE `r`.`id` = :r.id:', [...], false)
 2 SYSTEMPATH\Model.php(237): CodeIgniter\Database\BaseBuilder->get()
 3 SYSTEMPATH\BaseModel.php(624): CodeIgniter\Model->doFindAll(0, 0)
 4 APPPATH\Models\FisiologisModel.php(69): CodeIgniter\BaseModel->findAll()
 5 APPPATH\Controllers\RawatInap.php(61): App\Models\FisiologisModel->getFisiologisHospilatizedPet('47')
 6 SYSTEMPATH\CodeIgniter.php(915): App\Controllers\RawatInap->detail('47')
 7 SYSTEMPATH\CodeIgniter.php(492): CodeIgniter\CodeIgniter->runController(Object(App\Controllers\RawatInap))
 8 SYSTEMPATH\CodeIgniter.php(353): CodeIgniter\CodeIgniter->handleRequest(null, Object(Config\Cache), false)
 9 FCPATH\index.php(79): CodeIgniter\CodeIgniter->run()
10 SYSTEMPATH\Commands\Server\rewrite.php(47): require_once('D:\\Project-(external)\\BCPetHouse\\public\\index.php')
INFO - 2024-10-09 09:44:46 --> Session: Class initialized using 'CodeIgniter\Session\Handlers\FileHandler' driver.
ERROR - 2024-10-09 09:44:46 --> mysqli_sql_exception: Table 'bcpet_db.rawatinap' doesn't exist in D:\Project-(external)\BCPetHouse\system\Database\MySQLi\Connection.php:306
Stack trace:
#0 D:\Project-(external)\BCPetHouse\system\Database\MySQLi\Connection.php(306): mysqli->query('SELECT `fisiolo...', 0)
#1 D:\Project-(external)\BCPetHouse\system\Database\BaseConnection.php(692): CodeIgniter\Database\MySQLi\Connection->execute('SELECT `fisiolo...')
#2 D:\Project-(external)\BCPetHouse\system\Database\BaseConnection.php(606): CodeIgniter\Database\BaseConnection->simpleQuery('SELECT `fisiolo...')
#3 D:\Project-(external)\BCPetHouse\system\Database\BaseBuilder.php(1616): CodeIgniter\Database\BaseConnection->query('SELECT `fisiolo...', Array, false)
#4 D:\Project-(external)\BCPetHouse\system\Model.php(237): CodeIgniter\Database\BaseBuilder->get()
#5 D:\Project-(external)\BCPetHouse\system\BaseModel.php(624): CodeIgniter\Model->doFindAll(0, 0)
#6 D:\Project-(external)\BCPetHouse\app\Models\FisiologisModel.php(69): CodeIgniter\BaseModel->findAll()
#7 D:\Project-(external)\BCPetHouse\app\Controllers\RawatInap.php(61): App\Models\FisiologisModel->getFisiologisHospilatizedPet('47')
#8 D:\Project-(external)\BCPetHouse\system\CodeIgniter.php(915): App\Controllers\RawatInap->detail('47')
#9 D:\Project-(external)\BCPetHouse\system\CodeIgniter.php(492): CodeIgniter\CodeIgniter->runController(Object(App\Controllers\RawatInap))
#10 D:\Project-(external)\BCPetHouse\system\CodeIgniter.php(353): CodeIgniter\CodeIgniter->handleRequest(NULL, Object(Config\Cache), false)
#11 D:\Project-(external)\BCPetHouse\public\index.php(79): CodeIgniter\CodeIgniter->run()
#12 D:\Project-(external)\BCPetHouse\system\Commands\Server\rewrite.php(47): require_once('D:\\Project-(ext...')
#13 {main}
CRITICAL - 2024-10-09 09:44:46 --> Table 'bcpet_db.rawatinap' doesn't exist
in SYSTEMPATH\Database\BaseConnection.php on line 646.
 1 SYSTEMPATH\Database\BaseBuilder.php(1616): CodeIgniter\Database\BaseConnection->query('SELECT `fisiologis`.*
FROM `fisiologis`
JOIN `rawatInap` as `r` ON `fisiologis`.`rawat_inap_id` = `r`.`id`
WHERE `r`.`id` = :r.id:', [...], false)
 2 SYSTEMPATH\Model.php(237): CodeIgniter\Database\BaseBuilder->get()
 3 SYSTEMPATH\BaseModel.php(624): CodeIgniter\Model->doFindAll(0, 0)
 4 APPPATH\Models\FisiologisModel.php(69): CodeIgniter\BaseModel->findAll()
 5 APPPATH\Controllers\RawatInap.php(61): App\Models\FisiologisModel->getFisiologisHospilatizedPet('47')
 6 SYSTEMPATH\CodeIgniter.php(915): App\Controllers\RawatInap->detail('47')
 7 SYSTEMPATH\CodeIgniter.php(492): CodeIgniter\CodeIgniter->runController(Object(App\Controllers\RawatInap))
 8 SYSTEMPATH\CodeIgniter.php(353): CodeIgniter\CodeIgniter->handleRequest(null, Object(Config\Cache), false)
 9 FCPATH\index.php(79): CodeIgniter\CodeIgniter->run()
10 SYSTEMPATH\Commands\Server\rewrite.php(47): require_once('D:\\Project-(external)\\BCPetHouse\\public\\index.php')
INFO - 2024-10-09 09:44:47 --> Session: Class initialized using 'CodeIgniter\Session\Handlers\FileHandler' driver.
ERROR - 2024-10-09 09:44:47 --> mysqli_sql_exception: Table 'bcpet_db.rawatinap' doesn't exist in D:\Project-(external)\BCPetHouse\system\Database\MySQLi\Connection.php:306
Stack trace:
#0 D:\Project-(external)\BCPetHouse\system\Database\MySQLi\Connection.php(306): mysqli->query('SELECT `fisiolo...', 0)
#1 D:\Project-(external)\BCPetHouse\system\Database\BaseConnection.php(692): CodeIgniter\Database\MySQLi\Connection->execute('SELECT `fisiolo...')
#2 D:\Project-(external)\BCPetHouse\system\Database\BaseConnection.php(606): CodeIgniter\Database\BaseConnection->simpleQuery('SELECT `fisiolo...')
#3 D:\Project-(external)\BCPetHouse\system\Database\BaseBuilder.php(1616): CodeIgniter\Database\BaseConnection->query('SELECT `fisiolo...', Array, false)
#4 D:\Project-(external)\BCPetHouse\system\Model.php(237): CodeIgniter\Database\BaseBuilder->get()
#5 D:\Project-(external)\BCPetHouse\system\BaseModel.php(624): CodeIgniter\Model->doFindAll(0, 0)
#6 D:\Project-(external)\BCPetHouse\app\Models\FisiologisModel.php(69): CodeIgniter\BaseModel->findAll()
#7 D:\Project-(external)\BCPetHouse\app\Controllers\RawatInap.php(61): App\Models\FisiologisModel->getFisiologisHospilatizedPet('47')
#8 D:\Project-(external)\BCPetHouse\system\CodeIgniter.php(915): App\Controllers\RawatInap->detail('47')
#9 D:\Project-(external)\BCPetHouse\system\CodeIgniter.php(492): CodeIgniter\CodeIgniter->runController(Object(App\Controllers\RawatInap))
#10 D:\Project-(external)\BCPetHouse\system\CodeIgniter.php(353): CodeIgniter\CodeIgniter->handleRequest(NULL, Object(Config\Cache), false)
#11 D:\Project-(external)\BCPetHouse\public\index.php(79): CodeIgniter\CodeIgniter->run()
#12 D:\Project-(external)\BCPetHouse\system\Commands\Server\rewrite.php(47): require_once('D:\\Project-(ext...')
#13 {main}
CRITICAL - 2024-10-09 09:44:47 --> Table 'bcpet_db.rawatinap' doesn't exist
in SYSTEMPATH\Database\BaseConnection.php on line 646.
 1 SYSTEMPATH\Database\BaseBuilder.php(1616): CodeIgniter\Database\BaseConnection->query('SELECT `fisiologis`.*
FROM `fisiologis`
JOIN `rawatInap` as `r` ON `fisiologis`.`rawat_inap_id` = `r`.`id`
WHERE `r`.`id` = :r.id:', [...], false)
 2 SYSTEMPATH\Model.php(237): CodeIgniter\Database\BaseBuilder->get()
 3 SYSTEMPATH\BaseModel.php(624): CodeIgniter\Model->doFindAll(0, 0)
 4 APPPATH\Models\FisiologisModel.php(69): CodeIgniter\BaseModel->findAll()
 5 APPPATH\Controllers\RawatInap.php(61): App\Models\FisiologisModel->getFisiologisHospilatizedPet('47')
 6 SYSTEMPATH\CodeIgniter.php(915): App\Controllers\RawatInap->detail('47')
 7 SYSTEMPATH\CodeIgniter.php(492): CodeIgniter\CodeIgniter->runController(Object(App\Controllers\RawatInap))
 8 SYSTEMPATH\CodeIgniter.php(353): CodeIgniter\CodeIgniter->handleRequest(null, Object(Config\Cache), false)
 9 FCPATH\index.php(79): CodeIgniter\CodeIgniter->run()
10 SYSTEMPATH\Commands\Server\rewrite.php(47): require_once('D:\\Project-(external)\\BCPetHouse\\public\\index.php')
INFO - 2024-10-09 10:03:46 --> Session: Class initialized using 'CodeIgniter\Session\Handlers\FileHandler' driver.
ERROR - 2024-10-09 10:03:46 --> mysqli_sql_exception: Not unique table/alias: 'rawat_inap' in D:\Project-(external)\BCPetHouse\system\Database\MySQLi\Connection.php:306
Stack trace:
#0 D:\Project-(external)\BCPetHouse\system\Database\MySQLi\Connection.php(306): mysqli->query('SELECT `fisiolo...', 0)
#1 D:\Project-(external)\BCPetHouse\system\Database\BaseConnection.php(692): CodeIgniter\Database\MySQLi\Connection->execute('SELECT `fisiolo...')
#2 D:\Project-(external)\BCPetHouse\system\Database\BaseConnection.php(606): CodeIgniter\Database\BaseConnection->simpleQuery('SELECT `fisiolo...')
#3 D:\Project-(external)\BCPetHouse\system\Database\BaseBuilder.php(1616): CodeIgniter\Database\BaseConnection->query('SELECT `fisiolo...', Array, false)
#4 D:\Project-(external)\BCPetHouse\system\Model.php(264): CodeIgniter\Database\BaseBuilder->get()
#5 D:\Project-(external)\BCPetHouse\system\BaseModel.php(662): CodeIgniter\Model->doFirst()
#6 D:\Project-(external)\BCPetHouse\app\Models\RawatInapModel.php(43): CodeIgniter\BaseModel->first()
#7 D:\Project-(external)\BCPetHouse\app\Controllers\RawatInap.php(60): App\Models\RawatInapModel->getRawatInap('47')
#8 D:\Project-(external)\BCPetHouse\system\CodeIgniter.php(915): App\Controllers\RawatInap->detail('47')
#9 D:\Project-(external)\BCPetHouse\system\CodeIgniter.php(492): CodeIgniter\CodeIgniter->runController(Object(App\Controllers\RawatInap))
#10 D:\Project-(external)\BCPetHouse\system\CodeIgniter.php(353): CodeIgniter\CodeIgniter->handleRequest(NULL, Object(Config\Cache), false)
#11 D:\Project-(external)\BCPetHouse\public\index.php(79): CodeIgniter\CodeIgniter->run()
#12 D:\Project-(external)\BCPetHouse\system\Commands\Server\rewrite.php(47): require_once('D:\\Project-(ext...')
#13 {main}
CRITICAL - 2024-10-09 10:03:46 --> Not unique table/alias: 'rawat_inap'
in SYSTEMPATH\Database\BaseConnection.php on line 646.
 1 SYSTEMPATH\Database\BaseBuilder.php(1616): CodeIgniter\Database\BaseConnection->query('SELECT `fisiologis`.*, `rawat_inap`.`date_in_hospitalized`, `rawat_inap`.`prognosa`, `rawat_inap`.`medication_plan`
FROM `rawat_inap`
JOIN `rawat_inap` ON `fisiologis`.`rawat_inap_id` = `rawat_inap`.`id`
WHERE `rawat_inap`.`id` = :rawat_inap.id:
 LIMIT 1', [...], false)
 2 SYSTEMPATH\Model.php(264): CodeIgniter\Database\BaseBuilder->get()
 3 SYSTEMPATH\BaseModel.php(662): CodeIgniter\Model->doFirst()
 4 APPPATH\Models\RawatInapModel.php(43): CodeIgniter\BaseModel->first()
 5 APPPATH\Controllers\RawatInap.php(60): App\Models\RawatInapModel->getRawatInap('47')
 6 SYSTEMPATH\CodeIgniter.php(915): App\Controllers\RawatInap->detail('47')
 7 SYSTEMPATH\CodeIgniter.php(492): CodeIgniter\CodeIgniter->runController(Object(App\Controllers\RawatInap))
 8 SYSTEMPATH\CodeIgniter.php(353): CodeIgniter\CodeIgniter->handleRequest(null, Object(Config\Cache), false)
 9 FCPATH\index.php(79): CodeIgniter\CodeIgniter->run()
10 SYSTEMPATH\Commands\Server\rewrite.php(47): require_once('D:\\Project-(external)\\BCPetHouse\\public\\index.php')
INFO - 2024-10-09 10:07:39 --> Session: Class initialized using 'CodeIgniter\Session\Handlers\FileHandler' driver.
ERROR - 2024-10-09 10:07:39 --> mysqli_sql_exception: Table 'bcpet_db.rawatinap' doesn't exist in D:\Project-(external)\BCPetHouse\system\Database\MySQLi\Connection.php:306
Stack trace:
#0 D:\Project-(external)\BCPetHouse\system\Database\MySQLi\Connection.php(306): mysqli->query('SELECT `fisiolo...', 0)
#1 D:\Project-(external)\BCPetHouse\system\Database\BaseConnection.php(692): CodeIgniter\Database\MySQLi\Connection->execute('SELECT `fisiolo...')
#2 D:\Project-(external)\BCPetHouse\system\Database\BaseConnection.php(606): CodeIgniter\Database\BaseConnection->simpleQuery('SELECT `fisiolo...')
#3 D:\Project-(external)\BCPetHouse\system\Database\BaseBuilder.php(1616): CodeIgniter\Database\BaseConnection->query('SELECT `fisiolo...', Array, false)
#4 D:\Project-(external)\BCPetHouse\system\Model.php(237): CodeIgniter\Database\BaseBuilder->get()
#5 D:\Project-(external)\BCPetHouse\system\BaseModel.php(624): CodeIgniter\Model->doFindAll(0, 0)
#6 D:\Project-(external)\BCPetHouse\app\Models\FisiologisModel.php(69): CodeIgniter\BaseModel->findAll()
#7 D:\Project-(external)\BCPetHouse\app\Controllers\RawatInap.php(61): App\Models\FisiologisModel->getFisiologisHospilatizedPet('47')
#8 D:\Project-(external)\BCPetHouse\system\CodeIgniter.php(915): App\Controllers\RawatInap->detail('47')
#9 D:\Project-(external)\BCPetHouse\system\CodeIgniter.php(492): CodeIgniter\CodeIgniter->runController(Object(App\Controllers\RawatInap))
#10 D:\Project-(external)\BCPetHouse\system\CodeIgniter.php(353): CodeIgniter\CodeIgniter->handleRequest(NULL, Object(Config\Cache), false)
#11 D:\Project-(external)\BCPetHouse\public\index.php(79): CodeIgniter\CodeIgniter->run()
#12 D:\Project-(external)\BCPetHouse\system\Commands\Server\rewrite.php(47): require_once('D:\\Project-(ext...')
#13 {main}
CRITICAL - 2024-10-09 10:07:39 --> Table 'bcpet_db.rawatinap' doesn't exist
in SYSTEMPATH\Database\BaseConnection.php on line 646.
 1 SYSTEMPATH\Database\BaseBuilder.php(1616): CodeIgniter\Database\BaseConnection->query('SELECT `fisiologis`.*
FROM `fisiologis`
JOIN `rawatInap` as `r` ON `fisiologis`.`rawat_inap_id` = `r`.`id`
WHERE `r`.`id` = :r.id:', [...], false)
 2 SYSTEMPATH\Model.php(237): CodeIgniter\Database\BaseBuilder->get()
 3 SYSTEMPATH\BaseModel.php(624): CodeIgniter\Model->doFindAll(0, 0)
 4 APPPATH\Models\FisiologisModel.php(69): CodeIgniter\BaseModel->findAll()
 5 APPPATH\Controllers\RawatInap.php(61): App\Models\FisiologisModel->getFisiologisHospilatizedPet('47')
 6 SYSTEMPATH\CodeIgniter.php(915): App\Controllers\RawatInap->detail('47')
 7 SYSTEMPATH\CodeIgniter.php(492): CodeIgniter\CodeIgniter->runController(Object(App\Controllers\RawatInap))
 8 SYSTEMPATH\CodeIgniter.php(353): CodeIgniter\CodeIgniter->handleRequest(null, Object(Config\Cache), false)
 9 FCPATH\index.php(79): CodeIgniter\CodeIgniter->run()
10 SYSTEMPATH\Commands\Server\rewrite.php(47): require_once('D:\\Project-(external)\\BCPetHouse\\public\\index.php')
INFO - 2024-10-09 10:10:51 --> Session: Class initialized using 'CodeIgniter\Session\Handlers\FileHandler' driver.
INFO - 2024-10-09 10:10:51 --> Data Format2024-10-09
CRITICAL - 2024-10-09 10:10:51 --> Undefined array key "id"
in APPPATH\Views\admin\rawat_inap\detail.php on line 143.
 1 APPPATH\Views\admin\rawat_inap\detail.php(143): CodeIgniter\Debug\Exceptions->errorHandler(2, 'Undefined array key "id"', 'D:\\Project-(external)\\BCPetHouse\\app\\Views\\admin\\rawat_inap\\detail.php', 143)
 2 SYSTEMPATH\View\View.php(226): include('D:\\Project-(external)\\BCPetHouse\\app\\Views\\admin\\rawat_inap\\detail.php')
 3 SYSTEMPATH\View\View.php(229): CodeIgniter\View\View->CodeIgniter\View\{closure}()
 4 SYSTEMPATH\Common.php(1178): CodeIgniter\View\View->render('admin/rawat_inap/detail', [], true)
 5 APPPATH\Controllers\RawatInap.php(90): view('admin/rawat_inap/detail', [...])
 6 SYSTEMPATH\CodeIgniter.php(915): App\Controllers\RawatInap->detail('47')
 7 SYSTEMPATH\CodeIgniter.php(492): CodeIgniter\CodeIgniter->runController(Object(App\Controllers\RawatInap))
 8 SYSTEMPATH\CodeIgniter.php(353): CodeIgniter\CodeIgniter->handleRequest(null, Object(Config\Cache), false)
 9 FCPATH\index.php(79): CodeIgniter\CodeIgniter->run()
10 SYSTEMPATH\Commands\Server\rewrite.php(47): require_once('D:\\Project-(external)\\BCPetHouse\\public\\index.php')
INFO - 2024-10-09 10:16:41 --> Session: Class initialized using 'CodeIgniter\Session\Handlers\FileHandler' driver.
INFO - 2024-10-09 10:16:41 --> Data Format2024-10-09
INFO - 2024-10-09 10:22:01 --> Session: Class initialized using 'CodeIgniter\Session\Handlers\FileHandler' driver.
INFO - 2024-10-09 10:22:01 --> Data Format2024-10-09
